Archive member included because of file (symbol)

ym/mbed-hal-nrf51822-mcu/existing/mbed-hal-nrf51822-mcu.a(startup_nRF51822.S.obj)
                              (Reset_Handler)
ym/mbed-hal-nrf51822-mcu/existing/mbed-hal-nrf51822-mcu.a(analogin_api.c.o)
                              source/CMakeFiles/ble-itcounts.dir/F_/ble-examples-hackathon/BLE_ItCounts/source/main.cpp.o (analogin_init)
ym/ble/source/ble.a(BLE.cpp.o)
                              source/CMakeFiles/ble-itcounts.dir/F_/ble-examples-hackathon/BLE_ItCounts/source/main.cpp.o (BLE::init())
ym/ble-nrf51822/source/ble-nrf51822.a(nRF5xn.cpp.o)
                              ym/ble/source/ble.a(BLE.cpp.o) (createBLEInstance())
ym/ble-nrf51822/source/ble-nrf51822.a(btle.cpp.o)
                              ym/ble-nrf51822/source/ble-nrf51822.a(nRF5xn.cpp.o) (btle_init)
ym/ble-nrf51822/source/ble-nrf51822.a(nRF5xGattClient.cpp.o)
                              ym/ble-nrf51822/source/ble-nrf51822.a(nRF5xn.cpp.o) (nRF5xGattClient::getInstance())
ym/ble-nrf51822/source/ble-nrf51822.a(nRF5xSecurityManager.cpp.o)
                              ym/ble-nrf51822/source/ble-nrf51822.a(nRF5xn.cpp.o) (nRF5xSecurityManager::getInstance())
ym/ble-nrf51822/source/ble-nrf51822.a(btle_gap.cpp.o)
                              ym/ble-nrf51822/source/ble-nrf51822.a(btle.cpp.o) (btle_gap_init())
ym/ble-nrf51822/source/ble-nrf51822.a(nRF5xGap.cpp.o)
                              ym/ble-nrf51822/source/ble-nrf51822.a(nRF5xn.cpp.o) (nRF5xGap::getInstance())
ym/ble-nrf51822/source/ble-nrf51822.a(btle_security.cpp.o)
                              ym/ble-nrf51822/source/ble-nrf51822.a(nRF5xSecurityManager.cpp.o) (btle_initializeSecurity(bool, bool, SecurityManager::SecurityIOCapabilities_t, unsigned char const*))
ym/ble-nrf51822/source/ble-nrf51822.a(device_manager_peripheral.c.o)
                              ym/ble-nrf51822/source/ble-nrf51822.a(btle_security.cpp.o) (dm_init)
ym/ble-nrf51822/source/ble-nrf51822.a(btle_discovery.cpp.o)
                              ym/ble-nrf51822/source/ble-nrf51822.a(btle.cpp.o) (bleGattcEventHandler(ble_evt_t const*))
ym/ble-nrf51822/source/ble-nrf51822.a(nRF5xGattServer.cpp.o)
                              ym/ble-nrf51822/source/ble-nrf51822.a(nRF5xn.cpp.o) (nRF5xGattServer::getInstance())
ym/ble-nrf51822/source/ble-nrf51822.a(softdevice_handler.c.o)
                              ym/ble-nrf51822/source/ble-nrf51822.a(btle.cpp.o) (intern_softdevice_events_execute)
ym/ble-nrf51822/source/ble-nrf51822.a(nRF5xServiceDiscovery.cpp.o)
                              ym/ble-nrf51822/source/ble-nrf51822.a(btle_discovery.cpp.o) (nRF5xServiceDiscovery::progressCharacteristicDiscovery())
ym/ble-nrf51822/source/ble-nrf51822.a(pstorage.c.o)
                              ym/ble-nrf51822/source/ble-nrf51822.a(btle.cpp.o) (pstorage_sys_event_handler)
ym/ble-nrf51822/source/ble-nrf51822.a(custom_helper.cpp.o)
                              ym/ble-nrf51822/source/ble-nrf51822.a(nRF5xGattServer.cpp.o) (custom_convert_to_nordic_uuid)
ym/ble-nrf51822/source/ble-nrf51822.a(nRF5xDiscoveredCharacteristic.cpp.o)
                              ym/ble-nrf51822/source/ble-nrf51822.a(nRF5xServiceDiscovery.cpp.o) (nRF5xDiscoveredCharacteristic::setup(nRF5xGattClient*, unsigned short, ble_gatt_char_props_t, unsigned short, unsigned short))
ym/ble-nrf51822/source/ble-nrf51822.a(ble_radio_notification.c.o)
                              ym/ble-nrf51822/source/ble-nrf51822.a(nRF5xGap.cpp.o) (ble_radio_notification_init)
ym/ble/source/ble.a(GapScanningParams.cpp.o)
                              ym/ble-nrf51822/source/ble-nrf51822.a(nRF5xGap.cpp.o) (GapScanningParams::GapScanningParams(unsigned short, unsigned short, unsigned short, bool))
ym/mbed-drivers/source/mbed-drivers.a(gpio.c.o)
                              source/CMakeFiles/ble-itcounts.dir/F_/ble-examples-hackathon/BLE_ItCounts/source/main.cpp.o (gpio_init_out_ex)
ym/mbed-drivers/source/mbed-drivers.a(pinmap_common.c.o)
                              ym/mbed-hal-nrf51822-mcu/existing/mbed-hal-nrf51822-mcu.a(analogin_api.c.o) (pinmap_peripheral)
ym/mbed-drivers/source/mbed-drivers.a(exit.c.o)
                              c:/yotta/gcc/bin/../lib/gcc/arm-none-eabi/4.9.3/../../../../arm-none-eabi/lib/armv6-m/crt0.o (exit)
ym/mbed-drivers/source/mbed-drivers.a(error.c.o)
                              source/CMakeFiles/ble-itcounts.dir/F_/ble-examples-hackathon/BLE_ItCounts/source/main.cpp.o (error)
ym/mbed-drivers/source/mbed-drivers.a(board.c.o)
                              ym/mbed-drivers/source/mbed-drivers.a(exit.c.o) (mbed_die)
ym/mbed-drivers/source/mbed-drivers.a(retarget.cpp.o)
                              ym/ble-nrf51822/source/ble-nrf51822.a(nRF5xGap.cpp.o) (__cxa_pure_virtual)
ym/mbed-drivers/source/mbed-drivers.a(wait_api.c.o)
                              ym/mbed-drivers/source/mbed-drivers.a(board.c.o) (wait_ms)
ym/mbed-drivers/source/mbed-drivers.a(FileSystemLike.cpp.o)
[...]
Memory Configuration

Name             Origin             Length             Attributes
FLASH            0x0001c000         0x00024000         xr
RAM              0x20002800         0x00001800         xrw
*default*        0x00000000         0xffffffff

Linker script and memory map

LOAD c:/yotta/gcc/bin/../lib/gcc/arm-none-eabi/4.9.3/armv6-m/crti.o
LOAD c:/yotta/gcc/bin/../lib/gcc/arm-none-eabi/4.9.3/armv6-m/crtbegin.o
LOAD c:/yotta/gcc/bin/../lib/gcc/arm-none-eabi/4.9.3/../../../../arm-none-eabi/lib/armv6-m/crt0.o
START GROUP
LOAD source/CMakeFiles/ble-itcounts.dir/F_/ble-examples-hackathon/BLE_ItCounts/source/main.cpp.o
LOAD ym/mbed-hal-nrf51822-mcu/existing/mbed-hal-nrf51822-mcu.a
LOAD ym/ble/source/ble.a
LOAD ym/ble-nrf51822/source/ble-nrf51822.a
LOAD ym/ble/source/ble.a
LOAD ym/ble-nrf51822/source/ble-nrf51822.a
LOAD ym/mbed-hal-nrf51822-mcu/existing/mbed-hal-nrf51822-mcu.a
LOAD ym/mbed-hal/source/mbed-hal.a
LOAD ym/mbed-hal-nordic/yotta_dummy_lib_mbed_hal_nordic/mbed-hal-nordic.a
LOAD ym/mbed-hal-blenano/source/mbed-hal-blenano.a
LOAD ym/mbed-drivers/source/mbed-drivers.a
LOAD ym/minar/source/minar.a
LOAD ym/core-util/source/core-util.a
LOAD ym/minar-platform/yotta_dummy_lib_minar_platform/minar-platform.a
LOAD ym/minar-platform-mbed/source/minar-platform-mbed.a
LOAD ym/mbed-hal-nrf51822-mcu/existing/mbed-hal-nrf51822-mcu.a
LOAD ym/mbed-hal/source/mbed-hal.a
LOAD ym/mbed-hal-nordic/yotta_dummy_lib_mbed_hal_nordic/mbed-hal-nordic.a
LOAD ym/mbed-hal-blenano/source/mbed-hal-blenano.a
LOAD ym/mbed-drivers/source/mbed-drivers.a
LOAD ym/minar/source/minar.a
LOAD ym/core-util/source/core-util.a
LOAD ym/minar-platform/yotta_dummy_lib_minar_platform/minar-platform.a
LOAD ym/minar-platform-mbed/source/minar-platform-mbed.a
LOAD ym/compiler-polyfill/yotta_dummy_lib_compiler_polyfill/compiler-polyfill.a
LOAD ym/ualloc/source/ualloc.a
LOAD ym/dlmalloc/source/dlmalloc.a
LOAD ym/cmsis-core/source/cmsis-core.a
LOAD ym/cmsis-core-nordic/yotta_dummy_lib_cmsis_core_nordic/cmsis-core-nordic.a
LOAD ym/cmsis-core-nrf51822/source/cmsis-core-nrf51822.a
LOAD ym/cmsis-core/source/cmsis-core.a
LOAD ym/cmsis-core-nordic/yotta_dummy_lib_cmsis_core_nordic/cmsis-core-nordic.a
LOAD ym/cmsis-core-nrf51822/source/cmsis-core-nrf51822.a
LOAD c:/yotta/gcc/bin/../lib/gcc/arm-none-eabi/4.9.3/../../../../arm-none-eabi/lib/armv6-m\libstdc++_nano.a
LOAD c:/yotta/gcc/bin/../lib/gcc/arm-none-eabi/4.9.3/../../../../arm-none-eabi/lib/armv6-m\libsupc++_nano.a
LOAD c:/yotta/gcc/bin/../lib/gcc/arm-none-eabi/4.9.3/armv6-m\libgcc.a
LOAD c:/yotta/gcc/bin/../lib/gcc/arm-none-eabi/4.9.3/../../../../arm-none-eabi/lib/armv6-m\libstdc++_nano.a
LOAD c:/yotta/gcc/bin/../lib/gcc/arm-none-eabi/4.9.3/../../../../arm-none-eabi/lib/armv6-m\libsupc++_nano.a
LOAD c:/yotta/gcc/bin/../lib/gcc/arm-none-eabi/4.9.3/../../../../arm-none-eabi/lib/armv6-m\libm.a
LOAD c:/yotta/gcc/bin/../lib/gcc/arm-none-eabi/4.9.3/../../../../arm-none-eabi/lib/armv6-m\libc_nano.a
LOAD c:/yotta/gcc/bin/../lib/gcc/arm-none-eabi/4.9.3/armv6-m\libgcc.a
END GROUP
LOAD c:/yotta/gcc/bin/../lib/gcc/arm-none-eabi/4.9.3/../../../../arm-none-eabi/lib/armv6-m\libstdc++_nano.a
LOAD c:/yotta/gcc/bin/../lib/gcc/arm-none-eabi/4.9.3/../../../../arm-none-eabi/lib/armv6-m\libm.a
LOAD c:/yotta/gcc/bin/../lib/gcc/arm-none-eabi/4.9.3/../../../../arm-none-eabi/lib/armv6-m\libc_nano.a
START GROUP
LOAD c:/yotta/gcc/bin/../lib/gcc/arm-none-eabi/4.9.3/armv6-m\libgcc.a
LOAD c:/yotta/gcc/bin/../lib/gcc/arm-none-eabi/4.9.3/../../../../arm-none-eabi/lib/armv6-m\libc_nano.a
END GROUP
START GROUP
LOAD c:/yotta/gcc/bin/../lib/gcc/arm-none-eabi/4.9.3/armv6-m\libgcc.a
LOAD c:/yotta/gcc/bin/../lib/gcc/arm-none-eabi/4.9.3/../../../../arm-none-eabi/lib/armv6-m\libc_nano.a
END GROUP
LOAD c:/yotta/gcc/bin/../lib/gcc/arm-none-eabi/4.9.3/armv6-m/crtend.o
LOAD c:/yotta/gcc/bin/../lib/gcc/arm-none-eabi/4.9.3/armv6-m/crtn.o

.text           0x0001c000     0x8268
 *(SORT(.Vectors))
 .Vectors       0x0001c000       0xc0 ym/mbed-hal-nrf51822-mcu/existing/mbed-hal-nrf51822-mcu.a(startup_nRF51822.S.obj)
                0x0001c000                __Vectors
 *(SORT(.text*))
 .text          0x0001c0c0       0x60 c:/yotta/gcc/bin/../lib/gcc/arm-none-eabi/4.9.3/armv6-m/crtbegin.o
 .text          0x0001c120       0x78 c:/yotta/gcc/bin/../lib/gcc/arm-none-eabi/4.9.3/../../../../arm-none-eabi/lib/armv6-m/crt0.o
                0x0001c120                _start
                0x0001c120                _mainCRTStartup
 .text._ZN4mbed4util19FunctionPointerBindIvED2Ev
                0x0001c198       0x18 source/CMakeFiles/ble-itcounts.dir/F_/ble-examples-hackathon/BLE_ItCounts/source/main.cpp.o
                0x0001c198                mbed::util::FunctionPointerBind<void>::~FunctionPointerBind()
                0x0001c198                mbed::util::FunctionPointerBind<void>::~FunctionPointerBind()
 .text._ZN4mbed4util19FunctionPointerBindIvE5clearEv
                0x0001c1b0       0x20 source/CMakeFiles/ble-itcounts.dir/F_/ble-examples-hackathon/BLE_ItCounts/source/main.cpp.o
                0x0001c1b0                mbed::util::FunctionPointerBind<void>::clear()
 .text._Z21onDataWrittenCallbackPK23GattWriteCallbackParams
                0x0001c1d0       0x30 source/CMakeFiles/ble-itcounts.dir/F_/ble-examples-hackathon/BLE_ItCounts/source/main.cpp.o
                0x0001c1d0                onDataWrittenCallback(GattWriteCallbackParams const*)
 .text._ZN3BLE3gapEv
                0x0001c200       0x20 source/CMakeFiles/ble-itcounts.dir/F_/ble-examples-hackathon/BLE_ItCounts/source/main.cpp.o
                0x0001c200                BLE::gap()
 .text._ZN3BLE10gattServerEv
                0x0001c220       0x20 source/CMakeFiles/ble-itcounts.dir/F_/ble-examples-hackathon/BLE_ItCounts/source/main.cpp.o
                0x0001c220                BLE::gattServer()
 .text._ZN11FlexServiceC2ER3BLEhh
                0x0001c240      0x12c source/CMakeFiles/ble-itcounts.dir/F_/ble-examples-hackathon/BLE_ItCounts/source/main.cpp.o
                0x0001c240                FlexService::FlexService(BLE&, unsigned char, unsigned char)
                0x0001c240                FlexService::FlexService(BLE&, unsigned char, unsigned char)
 .text._Z17updateSensorValuev
                0x0001c36c       0x7c source/CMakeFiles/ble-itcounts.dir/F_/ble-examples-hackathon/BLE_ItCounts/source/main.cpp.o
                0x0001c36c                updateSensorValue()
 .text._Z16periodicCallbackv
                0x0001c3e8       0x54 source/CMakeFiles/ble-itcounts.dir/F_/ble-examples-hackathon/BLE_ItCounts/source/main.cpp.o
                0x0001c3e8                periodicCallback()
 .text._ZN4mbed4util19FunctionPointerBindIvE4bindINS0_16FunctionPointer0IvE10arg_structEEERS2_PKNS0_19FunctionPointerBaseIvE6ArgOpsEPT_PS9_z
                0x0001c43c       0x60 source/CMakeFiles/ble-itcounts.dir/F_/ble-examples-hackathon/BLE_ItCounts/source/main.cpp.o
                0x0001c43c                mbed::util::FunctionPointerBind<void>& mbed::util::FunctionPointerBind<void>::bind<mbed::util::FunctionPointer0<void>::arg_struct>(mbed::util::FunctionPointerBase<void>::ArgOps const*, mbed::util::FunctionPointer0<void>::arg_struct*, mbed::util::FunctionPointerBase<void>*, ...)
 .text.app_start
                0x0001c49c      0x254 source/CMakeFiles/ble-itcounts.dir/F_/ble-examples-hackathon/BLE_ItCounts/source/main.cpp.o
                0x0001c49c                app_start
 .text.startup._GLOBAL__sub_I_led1
                0x0001c6f0       0x80 source/CMakeFiles/ble-itcounts.dir/F_/ble-examples-hackathon/BLE_ItCounts/source/main.cpp.o
 .text          0x0001c770       0x48 ym/mbed-hal-nrf51822-mcu/existing/mbed-hal-nrf51822-mcu.a(startup_nRF51822.S.obj)
                0x0001c770                Reset_Handler
                0x0001c7ac                NMI_Handler
                0x0001c7ae                HardFault_Handler
                0x0001c7b0                SVC_Handler
                0x0001c7b2                PendSV_Handler
                0x0001c7b4                SysTick_Handler
                0x0001c7b6                GPIOTE_IRQHandler
                0x0001c7b6                RTC0_IRQHandler
                0x0001c7b6                SPI0_TWI0_IRQHandler
                0x0001c7b6                RADIO_IRQHandler
                0x0001c7b6                LPCOMP_IRQHandler
                0x0001c7b6                SWI4_IRQHandler
                0x0001c7b6                TEMP_IRQHandler
                0x0001c7b6                QDEC_IRQHandler
                0x0001c7b6                SWI5_IRQHandler
                0x0001c7b6                TIMER0_IRQHandler
                0x0001c7b6                POWER_CLOCK_IRQHandler
                0x0001c7b6                SWI0_IRQHandler
                0x0001c7b6                TIMER1_IRQHandler
                0x0001c7b6                ECB_IRQHandler
                0x0001c7b6                Default_Handler
                0x0001c7b6                ADC_IRQHandler
                0x0001c7b6                SWI3_IRQHandler
                0x0001c7b6                CCM_AAR_IRQHandler
                0x0001c7b6                WDT_IRQHandler
                0x0001c7b6                TIMER2_IRQHandler
                0x0001c7b6                RNG_IRQHandler
                0x0001c7b6                SPI1_TWI1_IRQHandler
 .text.analogin_init
                0x0001c7b8       0x50 ym/mbed-hal-nrf51822-mcu/existing/mbed-hal-nrf51822-mcu.a(analogin_api.c.o)
                0x0001c7b8                analogin_init
 .text.analogin_read_u16
                0x0001c808       0x40 ym/mbed-hal-nrf51822-mcu/existing/mbed-hal-nrf51822-mcu.a(analogin_api.c.o)
                0x0001c808                analogin_read_u16
 .text._ZN3BLEC2Ej
                0x0001c848       0x28 ym/ble/source/ble.a(BLE.cpp.o)
                0x0001c848                BLE::BLE(unsigned int)
                0x0001c848                BLE::BLE(unsigned int)
 .text._ZN3BLE8InstanceEj
                0x0001c870       0x40 ym/ble/source/ble.a(BLE.cpp.o)
                0x0001c870                BLE::Instance(unsigned int)
 .text._ZN6nRF5xn10getVersionEv
                0x0001c8b0       0x68 ym/ble-nrf51822/source/ble-nrf51822.a(nRF5xn.cpp.o)
                0x0001c8b0                nRF5xn::getVersion()
 .text._Z17createBLEInstancev
                0x0001c918        0x8 ym/ble-nrf51822/source/ble-nrf51822.a(nRF5xn.cpp.o)
                0x0001c918                createBLEInstance()
 .text.startup._GLOBAL__sub_I__Z17createBLEInstancev
                0x0001c920       0x24 ym/ble-nrf51822/source/ble-nrf51822.a(nRF5xn.cpp.o)
 .text._ZL12btle_handlerP9ble_evt_t
                0x0001c944      0x198 ym/ble-nrf51822/source/ble-nrf51822.a(btle.cpp.o)
 .text.btle_init
                0x0001cadc       0xa0 ym/ble-nrf51822/source/ble-nrf51822.a(btle.cpp.o)
                0x0001cadc                btle_init
 .text.app_error_handler
                0x0001cb7c       0x20 ym/ble-nrf51822/source/ble-nrf51822.a(btle.cpp.o)
                0x0001cb7c                app_error_handler
 .text._ZL12eventHandlerv
                0x0001cb9c       0x6c ym/ble-nrf51822/source/ble-nrf51822.a(btle.cpp.o)
 .text._ZNK15nRF5xGattClient5writeEN10GattClient9WriteOp_tEttjPKh
                0x0001cc08       0x40 ym/ble-nrf51822/source/ble-nrf51822.a(nRF5xGattClient.cpp.o)
                0x0001cc08                nRF5xGattClient::write(GattClient::WriteOp_t, unsigned short, unsigned short, unsigned int, unsigned char const*) const
 .text._ZN21nRF5xServiceDiscovery6launchEtPFvPK17DiscoveredServiceEPFvPK24DiscoveredCharacteristicERK4UUIDSC_
                0x0001cc48       0x78 ym/ble-nrf51822/source/ble-nrf51822.a(nRF5xGattClient.cpp.o)
                0x0001cc48                nRF5xServiceDiscovery::launch(unsigned short, void (*)(DiscoveredService const*), void (*)(DiscoveredCharacteristic const*), UUID const&, UUID const&)
 .text._ZN15nRF5xGattClient11getInstanceEv
                0x0001ccc0       0xc8 ym/ble-nrf51822/source/ble-nrf51822.a(nRF5xGattClient.cpp.o)
                0x0001ccc0                nRF5xGattClient::getInstance()
 .text._ZN20nRF5xSecurityManager11getInstanceEv
                0x0001cd88       0x2c ym/ble-nrf51822/source/ble-nrf51822.a(nRF5xSecurityManager.cpp.o)
                0x0001cd88                nRF5xSecurityManager::getInstance()
 .text._Z13btle_gap_initv
                0x0001cdb4       0x54 ym/ble-nrf51822/source/ble-nrf51822.a(btle_gap.cpp.o)
                0x0001cdb4                btle_gap_init()
 .text._ZNK3Gap25getMaxAdvertisingIntervalEv
                0x0001ce08        0x8 ym/ble-nrf51822/source/ble-nrf51822.a(nRF5xGap.cpp.o)
                0x0001ce08                Gap::getMaxAdvertisingInterval() const
 .text._ZN8nRF5xGap16startAdvertisingERK20GapAdvertisingParams
                0x0001ce10       0x74 ym/ble-nrf51822/source/ble-nrf51822.a(nRF5xGap.cpp.o)
                0x0001ce10                nRF5xGap::startAdvertising(GapAdvertisingParams const&)
 .text._ZN8nRF5xGap7connectEPKhN3Gap13AddressType_tEPKNS2_18ConnectionParams_tEPK17GapScanningParams
                0x0001ce84       0xa8 ym/ble-nrf51822/source/ble-nrf51822.a(nRF5xGap.cpp.o)
                0x0001ce84                nRF5xGap::connect(unsigned char const*, Gap::AddressType_t, Gap::ConnectionParams_t const*, GapScanningParams const*)
 .text._ZN8nRF5xGap25getPermittedTxPowerValuesEPPKaPj
                0x0001cf2c       0x10 ym/ble-nrf51822/source/ble-nrf51822.a(nRF5xGap.cpp.o)
                0x0001cf2c                nRF5xGap::getPermittedTxPowerValues(signed char const**, unsigned int*)
 .text._ZN8nRF5xGap21initRadioNotificationEv
                0x0001cf3c       0x1c ym/ble-nrf51822/source/ble-nrf51822.a(nRF5xGap.cpp.o)
                0x0001cf3c                nRF5xGap::initRadioNotification()
 .text._ZN38CallChainOfFunctionPointersWithContextIPKN3Gap26ConnectionCallbackParams_tEED2Ev
                0x0001cf58       0x20 ym/ble-nrf51822/source/ble-nrf51822.a(nRF5xGap.cpp.o)
                0x0001cf58                CallChainOfFunctionPointersWithContext<Gap::ConnectionCallbackParams_t const*>::~CallChainOfFunctionPointersWithContext()
                0x0001cf58                CallChainOfFunctionPointersWithContext<Gap::ConnectionCallbackParams_t const*>::~CallChainOfFunctionPointersWithContext()
 .text._ZN38CallChainOfFunctionPointersWithContextIPKN3Gap29DisconnectionCallbackParams_tEED2Ev
                0x0001cf78       0x20 ym/ble-nrf51822/source/ble-nrf51822.a(nRF5xGap.cpp.o)
                0x0001cf78                CallChainOfFunctionPointersWithContext<Gap::DisconnectionCallbackParams_t const*>::~CallChainOfFunctionPointersWithContext()
                0x0001cf78                CallChainOfFunctionPointersWithContext<Gap::DisconnectionCallbackParams_t const*>::~CallChainOfFunctionPointersWithContext()
 .text._ZN8nRF5xGapD2Ev
                0x0001cf98       0x20 ym/ble-nrf51822/source/ble-nrf51822.a(nRF5xGap.cpp.o)
                0x0001cf98                nRF5xGap::~nRF5xGap()
                0x0001cf98                nRF5xGap::~nRF5xGap()
 .text._ZN8nRF5xGap11getInstanceEv
                0x0001cfb8      0x104 ym/ble-nrf51822/source/ble-nrf51822.a(nRF5xGap.cpp.o)
                0x0001cfb8                nRF5xGap::getInstance()
 .text._ZL10dm_handlerPK13device_handlePK10dm_event_tm
                0x0001d0bc       0xc0 ym/ble-nrf51822/source/ble-nrf51822.a(btle_security.cpp.o)
 .text._Z23btle_initializeSecuritybbN15SecurityManager24SecurityIOCapabilities_tEPKh
                0x0001d17c       0xd4 ym/ble-nrf51822/source/ble-nrf51822.a(btle_security.cpp.o)
                0x0001d17c                btle_initializeSecurity(bool, bool, SecurityManager::SecurityIOCapabilities_t, unsigned char const*)
 .text._Z25btle_purgeAllBondingStatev
                0x0001d250       0x24 ym/ble-nrf51822/source/ble-nrf51822.a(btle_security.cpp.o)
                0x0001d250                btle_purgeAllBondingState()
 .text._Z20btle_getLinkSecuritytPN15SecurityManager20LinkSecurityStatus_tE
                0x0001d274       0x48 ym/ble-nrf51822/source/ble-nrf51822.a(btle_security.cpp.o)
                0x0001d274                btle_getLinkSecurity(unsigned short, SecurityManager::LinkSecurityStatus_t*)
 .text.gatts_context_store
                0x0001d2bc       0xb8 ym/ble-nrf51822/source/ble-nrf51822.a(device_manager_peripheral.c.o)
 .text.device_context_store
                0x0001d374       0xb8 ym/ble-nrf51822/source/ble-nrf51822.a(device_manager_peripheral.c.o)
 .text.gatts_context_apply
                0x0001d42c       0xc4 ym/ble-nrf51822/source/ble-nrf51822.a(device_manager_peripheral.c.o)
 .text.gatts_context_load
                0x0001d4f0       0x34 ym/ble-nrf51822/source/ble-nrf51822.a(device_manager_peripheral.c.o)
 .text.dm_pstorage_cb_handler
                0x0001d524      0x134 ym/ble-nrf51822/source/ble-nrf51822.a(device_manager_peripheral.c.o)
 .text.peer_instance_init
                0x0001d658       0x44 ym/ble-nrf51822/source/ble-nrf51822.a(device_manager_peripheral.c.o)
 .text.device_instance_free
                0x0001d69c       0x2c ym/ble-nrf51822/source/ble-nrf51822.a(device_manager_peripheral.c.o)
 .text.dm_init  0x0001d6c8       0xe0 ym/ble-nrf51822/source/ble-nrf51822.a(device_manager_peripheral.c.o)
                0x0001d6c8                dm_init
 .text.dm_register
                0x0001d7a8       0x74 ym/ble-nrf51822/source/ble-nrf51822.a(device_manager_peripheral.c.o)
                0x0001d7a8                dm_register
 .text.dm_security_status_req
                0x0001d81c       0x70 ym/ble-nrf51822/source/ble-nrf51822.a(device_manager_peripheral.c.o)
                0x0001d81c                dm_security_status_req
 .text.dm_device_delete_all
                0x0001d88c       0x58 ym/ble-nrf51822/source/ble-nrf51822.a(device_manager_peripheral.c.o)
                0x0001d88c                dm_device_delete_all
 .text.bond_data_load
                0x0001d8e4       0x48 ym/ble-nrf51822/source/ble-nrf51822.a(device_manager_peripheral.c.o)
                0x0001d8e4                bond_data_load
 .text.dm_ble_evt_handler
                0x0001d92c      0x384 ym/ble-nrf51822/source/ble-nrf51822.a(device_manager_peripheral.c.o)
                0x0001d92c                dm_ble_evt_handler
 .text.dm_handle_get
                0x0001dcb0       0x48 ym/ble-nrf51822/source/ble-nrf51822.a(device_manager_peripheral.c.o)
                0x0001dcb0                dm_handle_get
 .text._ZN15nRF5xGattServer4readEtPhPt
                0x0001dcf8       0x1c ym/ble-nrf51822/source/ble-nrf51822.a(nRF5xGattServer.cpp.o)
                0x0001dcf8                nRF5xGattServer::read(unsigned short, unsigned char*, unsigned short*)
 .text._ZN15nRF5xGattServer5writeEtPKhtb
                0x0001dd14       0x20 ym/ble-nrf51822/source/ble-nrf51822.a(nRF5xGattServer.cpp.o)
                0x0001dd14                nRF5xGattServer::write(unsigned short, unsigned char const*, unsigned short, bool)
 .text._ZN38CallChainOfFunctionPointersWithContextIjED2Ev
                0x0001dd34       0x20 ym/ble-nrf51822/source/ble-nrf51822.a(nRF5xGattServer.cpp.o)
                0x0001dd34                CallChainOfFunctionPointersWithContext<unsigned int>::~CallChainOfFunctionPointersWithContext()
                0x0001dd34                CallChainOfFunctionPointersWithContext<unsigned int>::~CallChainOfFunctionPointersWithContext()
 .text._ZN38CallChainOfFunctionPointersWithContextIPK23GattWriteCallbackParamsED2Ev
                0x0001dd54       0x20 ym/ble-nrf51822/source/ble-nrf51822.a(nRF5xGattServer.cpp.o)
                0x0001dd54                CallChainOfFunctionPointersWithContext<GattWriteCallbackParams const*>::~CallChainOfFunctionPointersWithContext()
                0x0001dd54                CallChainOfFunctionPointersWithContext<GattWriteCallbackParams const*>::~CallChainOfFunctionPointersWithContext()
 .text._ZN38CallChainOfFunctionPointersWithContextIPK22GattReadCallbackParamsED2Ev
                0x0001dd74       0x20 ym/ble-nrf51822/source/ble-nrf51822.a(nRF5xGattServer.cpp.o)
                0x0001dd74                CallChainOfFunctionPointersWithContext<GattReadCallbackParams const*>::~CallChainOfFunctionPointersWithContext()
                0x0001dd74                CallChainOfFunctionPointersWithContext<GattReadCallbackParams const*>::~CallChainOfFunctionPointersWithContext()
 .text._ZN15nRF5xGattServerD2Ev
                0x0001dd94       0x28 ym/ble-nrf51822/source/ble-nrf51822.a(nRF5xGattServer.cpp.o)
                0x0001dd94                nRF5xGattServer::~nRF5xGattServer()
                0x0001dd94                nRF5xGattServer::~nRF5xGattServer()
 .text._ZN15nRF5xGattServer5writeEttPKhtb
                0x0001ddbc       0xe4 ym/ble-nrf51822/source/ble-nrf51822.a(nRF5xGattServer.cpp.o)
                0x0001ddbc                nRF5xGattServer::write(unsigned short, unsigned short, unsigned char const*, unsigned short, bool)
 .text._ZN15nRF5xGattServer10addServiceER11GattService
                0x0001dea0      0x1b4 ym/ble-nrf51822/source/ble-nrf51822.a(nRF5xGattServer.cpp.o)
                0x0001dea0                nRF5xGattServer::addService(GattService&)
 .text._ZN15nRF5xGattServer11getInstanceEv
                0x0001e054       0xbc ym/ble-nrf51822/source/ble-nrf51822.a(nRF5xGattServer.cpp.o)
                0x0001e054                nRF5xGattServer::getInstance()
 .text.intern_softdevice_events_execute
                0x0001e110       0xb0 ym/ble-nrf51822/source/ble-nrf51822.a(softdevice_handler.c.o)
                0x0001e110                intern_softdevice_events_execute
 .text.softdevice_handler_init
                0x0001e1c0       0x48 ym/ble-nrf51822/source/ble-nrf51822.a(softdevice_handler.c.o)
                0x0001e1c0                softdevice_handler_init
 .text.softdevice_handler_sd_disable
                0x0001e208       0x18 ym/ble-nrf51822/source/ble-nrf51822.a(softdevice_handler.c.o)
                0x0001e208                softdevice_handler_sd_disable
 .text.softdevice_ble_evt_handler_set
                0x0001e220       0x14 ym/ble-nrf51822/source/ble-nrf51822.a(softdevice_handler.c.o)
                0x0001e220                softdevice_ble_evt_handler_set
 .text.softdevice_sys_evt_handler_set
                0x0001e234       0x14 ym/ble-nrf51822/source/ble-nrf51822.a(softdevice_handler.c.o)
                0x0001e234                softdevice_sys_evt_handler_set
 .text.SWI2_IRQHandler
                0x0001e248       0x24 ym/ble-nrf51822/source/ble-nrf51822.a(softdevice_handler.c.o)
                0x0001e248                SWI2_IRQHandler
 .text._ZN21nRF5xServiceDiscovery29launchCharacteristicDiscoveryEttt
                0x0001e26c       0x4c ym/ble-nrf51822/source/ble-nrf51822.a(nRF5xServiceDiscovery.cpp.o)
                0x0001e26c                nRF5xServiceDiscovery::launchCharacteristicDiscovery(unsigned short, unsigned short, unsigned short)
 .text._ZN21nRF5xServiceDiscovery24progressServiceDiscoveryEv
                0x0001e2b8       0xe4 ym/ble-nrf51822/source/ble-nrf51822.a(nRF5xServiceDiscovery.cpp.o)
                0x0001e2b8                nRF5xServiceDiscovery::progressServiceDiscovery()
 .text._ZN21nRF5xServiceDiscovery25ServiceUUIDDiscoveryQueue12triggerFirstEv
                0x0001e39c       0x58 ym/ble-nrf51822/source/ble-nrf51822.a(nRF5xServiceDiscovery.cpp.o)
                0x0001e39c                nRF5xServiceDiscovery::ServiceUUIDDiscoveryQueue::triggerFirst()
 .text._ZN21nRF5xServiceDiscovery22CharUUIDDiscoveryQueue12triggerFirstEv
                0x0001e3f4       0x5c ym/ble-nrf51822/source/ble-nrf51822.a(nRF5xServiceDiscovery.cpp.o)
                0x0001e3f4                nRF5xServiceDiscovery::CharUUIDDiscoveryQueue::triggerFirst()
 .text._ZN21nRF5xServiceDiscovery27processDiscoverUUIDResponseEPK41ble_gattc_evt_char_val_by_uuid_read_rsp_t
                0x0001e450       0xdc ym/ble-nrf51822/source/ble-nrf51822.a(nRF5xServiceDiscovery.cpp.o)
                0x0001e450                nRF5xServiceDiscovery::processDiscoverUUIDResponse(ble_gattc_evt_char_val_by_uuid_read_rsp_t const*)
 .text.app_notify
                0x0001e52c       0x30 ym/ble-nrf51822/source/ble-nrf51822.a(pstorage.c.o)
 .text.swap_state_process
                0x0001e55c      0x1a4 ym/ble-nrf51822/source/ble-nrf51822.a(pstorage.c.o)
 .text.cmd_process
                0x0001e700      0x10c ym/ble-nrf51822/source/ble-nrf51822.a(pstorage.c.o)
 .text.cmd_queue_enqueue
                0x0001e80c       0x54 ym/ble-nrf51822/source/ble-nrf51822.a(pstorage.c.o)
 .text.cmd_queue_dequeue
                0x0001e860       0x20 ym/ble-nrf51822/source/ble-nrf51822.a(pstorage.c.o)
 .text.pstorage_sys_event_handler
                0x0001e880       0xec ym/ble-nrf51822/source/ble-nrf51822.a(pstorage.c.o)
                0x0001e880                pstorage_sys_event_handler
 .text.pstorage_init
                0x0001e96c       0xc8 ym/ble-nrf51822/source/ble-nrf51822.a(pstorage.c.o)
                0x0001e96c                pstorage_init
 .text.pstorage_register
                0x0001ea34      0x138 ym/ble-nrf51822/source/ble-nrf51822.a(pstorage.c.o)
                0x0001ea34                pstorage_register
 .text.pstorage_block_identifier_get
                0x0001eb6c       0x4c ym/ble-nrf51822/source/ble-nrf51822.a(pstorage.c.o)
                0x0001eb6c                pstorage_block_identifier_get
 .text.pstorage_store
                0x0001ebb8       0x7c ym/ble-nrf51822/source/ble-nrf51822.a(pstorage.c.o)
                0x0001ebb8                pstorage_store
 .text.pstorage_update
                0x0001ec34       0x7c ym/ble-nrf51822/source/ble-nrf51822.a(pstorage.c.o)
                0x0001ec34                pstorage_update
 .text.pstorage_load
                0x0001ecb0       0xa0 ym/ble-nrf51822/source/ble-nrf51822.a(pstorage.c.o)
                0x0001ecb0                pstorage_load
 .text.pstorage_clear
                0x0001ed50       0x60 ym/ble-nrf51822/source/ble-nrf51822.a(pstorage.c.o)
                0x0001ed50                pstorage_clear
 .text.custom_convert_to_nordic_uuid
                0x0001edb0       0xa4 ym/ble-nrf51822/source/ble-nrf51822.a(custom_helper.cpp.o)
                0x0001edb0                custom_convert_to_nordic_uuid
 .text.SWI1_IRQHandler
                0x0001ee54       0x20 ym/ble-nrf51822/source/ble-nrf51822.a(ble_radio_notification.c.o)
                0x0001ee54                SWI1_IRQHandler
 .text.ble_radio_notification_init
                0x0001ee74       0x38 ym/ble-nrf51822/source/ble-nrf51822.a(ble_radio_notification.c.o)
                0x0001ee74                ble_radio_notification_init
 .text._ZN17GapScanningParamsC2Etttb
                0x0001eeac       0x6c ym/ble/source/ble.a(GapScanningParams.cpp.o)
                0x0001eeac                GapScanningParams::GapScanningParams(unsigned short, unsigned short, unsigned short, bool)
                0x0001eeac                GapScanningParams::GapScanningParams(unsigned short, unsigned short, unsigned short, bool)
 .text.pinmap_peripheral
                0x0001ef18       0x20 ym/mbed-drivers/source/mbed-drivers.a(pinmap_common.c.o)
                0x0001ef18                pinmap_peripheral
 .text._ZN4mbed4util19FunctionPointerBindIvE4bindINS0_16FunctionPointer2IviPPcE10arg_structEEERS2_PKNS0_19FunctionPointerBaseIvE6ArgOpsEPT_PSB_z
                0x0001ef38       0x60 ym/mbed-drivers/source/mbed-drivers.a(retarget.cpp.o)
                0x0001ef38                mbed::util::FunctionPointerBind<void>& mbed::util::FunctionPointerBind<void>::bind<mbed::util::FunctionPointer2<void, int, char**>::arg_struct>(mbed::util::FunctionPointerBase<void>::ArgOps const*, mbed::util::FunctionPointer2<void, int, char**>::arg_struct*, mbed::util::FunctionPointerBase<void>*, ...)
 .text.startup.main
                0x0001ef98       0x80 ym/mbed-drivers/source/mbed-drivers.a(retarget.cpp.o)
                0x0001ef98                main
 .text._ZN5minar12CallbackNode13get_allocatorEv
                0x0001f018       0x48 ym/minar/source/minar.a(minar.cpp.o)
                0x0001f018                minar::CallbackNode::get_allocator()
 .text._ZN4mbed4util19FunctionPointerBindIvEC2ERKS2_
                0x0001f060       0x54 ym/minar/source/minar.a(minar.cpp.o)
                0x0001f060                mbed::util::FunctionPointerBind<void>::FunctionPointerBind(mbed::util::FunctionPointerBind<void> const&)
                0x0001f060                mbed::util::FunctionPointerBind<void>::FunctionPointerBind(mbed::util::FunctionPointerBind<void> const&)
 .text._ZN5minar9Scheduler13CallbackAdderC2ERS0_N4mbed4util19FunctionPointerBindIvEE
                0x0001f0b4       0x24 ym/minar/source/minar.a(minar.cpp.o)
                0x0001f0b4                minar::Scheduler::CallbackAdder::CallbackAdder(minar::Scheduler&, mbed::util::FunctionPointerBind<void>)
                0x0001f0b4                minar::Scheduler::CallbackAdder::CallbackAdder(minar::Scheduler&, mbed::util::FunctionPointerBind<void>)
 .text._ZNK4mbed4util10BinaryHeapIPN5minar12CallbackNodeENS2_13SchedulerData19CallbackNodeCompareEE8get_rootEv
                0x0001f0d8       0x28 ym/minar/source/minar.a(minar.cpp.o)
                0x0001f0d8                mbed::util::BinaryHeap<minar::CallbackNode*, minar::SchedulerData::CallbackNodeCompare>::get_root() const
 .text._ZN5minar13SchedulerDataC2Ev
                0x0001f100       0x60 ym/minar/source/minar.a(minar.cpp.o)
                0x0001f100                minar::SchedulerData::SchedulerData()
                0x0001f100                minar::SchedulerData::SchedulerData()
 .text._ZN5minar9Scheduler8instanceEv
                0x0001f160       0x38 ym/minar/source/minar.a(minar.cpp.o)
                0x0001f160                minar::Scheduler::instance()
 .text._ZN5minar9Scheduler12postCallbackERKN4mbed4util19FunctionPointerBindIvEE
                0x0001f198       0x34 ym/minar/source/minar.a(minar.cpp.o)
                0x0001f198                minar::Scheduler::postCallback(mbed::util::FunctionPointerBind<void> const&)
 .text._ZN5minar13SchedulerData5startEv
                0x0001f1cc      0x198 ym/minar/source/minar.a(minar.cpp.o)
                0x0001f1cc                minar::SchedulerData::start()
 .text._ZN5minar9Scheduler5startEv
                0x0001f364       0x18 ym/minar/source/minar.a(minar.cpp.o)
                0x0001f364                minar::Scheduler::start()
 .text._ZN5minar13SchedulerData11postGenericEN4mbed4util19FunctionPointerBindIvEEmmm
                0x0001f37c       0x58 ym/minar/source/minar.a(minar.cpp.o)
                0x0001f37c                minar::SchedulerData::postGeneric(mbed::util::FunctionPointerBind<void>, unsigned long, unsigned long, unsigned long)
 .text.mbed_enter_sleep
                0x0001f3d4       0x20 ym/mbed-hal-nrf51822-mcu/existing/mbed-hal-nrf51822-mcu.a(sleep.c.o)
                0x0001f3d4                mbed_enter_sleep
 .text.rtc1_getCounter64
                0x0001f3f4       0x3c ym/mbed-hal-nrf51822-mcu/existing/mbed-hal-nrf51822-mcu.a(us_ticker.c.o)
 .text.RTC1_IRQHandler
                0x0001f430       0x8c ym/mbed-hal-nrf51822-mcu/existing/mbed-hal-nrf51822-mcu.a(us_ticker.c.o)
                0x0001f430                RTC1_IRQHandler
 .text.us_ticker_init
                0x0001f4bc       0x5c ym/mbed-hal-nrf51822-mcu/existing/mbed-hal-nrf51822-mcu.a(us_ticker.c.o)
                0x0001f4bc                us_ticker_init
 .text.us_ticker_read
                0x0001f518       0x2c ym/mbed-hal-nrf51822-mcu/existing/mbed-hal-nrf51822-mcu.a(us_ticker.c.o)
                0x0001f518                us_ticker_read
 .text.us_ticker_set_interrupt
                0x0001f544       0xbc ym/mbed-hal-nrf51822-mcu/existing/mbed-hal-nrf51822-mcu.a(us_ticker.c.o)
                0x0001f544                us_ticker_set_interrupt
 .text.us_ticker_disable_interrupt
                0x0001f600       0x28 ym/mbed-hal-nrf51822-mcu/existing/mbed-hal-nrf51822-mcu.a(us_ticker.c.o)
                0x0001f600                us_ticker_disable_interrupt
 .text.us_ticker_clear_interrupt
                0x0001f628       0x10 ym/mbed-hal-nrf51822-mcu/existing/mbed-hal-nrf51822-mcu.a(us_ticker.c.o)
                0x0001f628                us_ticker_clear_interrupt
 .text.gpio_init
                0x0001f638       0x30 ym/mbed-hal-nrf51822-mcu/existing/mbed-hal-nrf51822-mcu.a(gpio_api.c.o)
                0x0001f638                gpio_init
 .text.UART0_IRQHandler
                0x0001f668       0x4c ym/mbed-hal-nrf51822-mcu/existing/mbed-hal-nrf51822-mcu.a(serial_api.c.o)
                0x0001f668                UART0_IRQHandler
 .text.lp_ticker_get_compare_match
                0x0001f6b4       0x10 ym/mbed-hal-nrf51822-mcu/existing/mbed-hal-nrf51822-mcu.a(lp_ticker.c.o)
                0x0001f6b4                lp_ticker_get_compare_match
 .text.lp_ticker_sleep_until
                0x0001f6c4       0x2c ym/mbed-hal-nrf51822-mcu/existing/mbed-hal-nrf51822-mcu.a(lp_ticker.c.o)
                0x0001f6c4                lp_ticker_sleep_until
 .text.us_ticker_irq_handler
                0x0001f6f0       0x10 ym/mbed-drivers/source/mbed-drivers.a(us_ticker_api.c.o)
                0x0001f6f0                us_ticker_irq_handler
 .text.mbed_urealloc
                0x0001f700       0x30 ym/ualloc/source/ualloc.a(ualloc.c.o)
                0x0001f700                mbed_urealloc
 .text.mbed_ufree
                0x0001f730       0x20 ym/ualloc/source/ualloc.a(ualloc.c.o)
                0x0001f730                mbed_ufree
 .text.init_mparams
                0x0001f750       0x48 ym/dlmalloc/source/dlmalloc.a(dlmalloc.c.o)
 .text.init_top.constprop.16
                0x0001f798       0x38 ym/dlmalloc/source/dlmalloc.a(dlmalloc.c.o)
 .text.dispose_chunk.constprop.17
                0x0001f7d0      0x434 ym/dlmalloc/source/dlmalloc.a(dlmalloc.c.o)
 .text.try_realloc_chunk.isra.3.constprop.6
                0x0001fc04      0x2b0 ym/dlmalloc/source/dlmalloc.a(dlmalloc.c.o)
 .text.segment_holding.constprop.18
                0x0001feb4       0x24 ym/dlmalloc/source/dlmalloc.a(dlmalloc.c.o)
 .text.dlmalloc
                0x0001fed8      0xe7c ym/dlmalloc/source/dlmalloc.a(dlmalloc.c.o)
                0x0001fed8                dlmalloc
 .text.dlfree   0x00020d54      0x46c ym/dlmalloc/source/dlmalloc.a(dlmalloc.c.o)
                0x00020d54                dlfree
 .text.SystemInit
                0x000211c0       0xb0 ym/cmsis-core-nrf51822/source/cmsis-core-nrf51822.a(system_nrf51.c.o)
                0x000211c0                SystemInit
 .text._ZSt15get_new_handlerv
                0x00021270        0xc c:/yotta/gcc/bin/../lib/gcc/arm-none-eabi/4.9.3/../../../../arm-none-eabi/lib/armv6-m\libstdc++_nano.a(new_handler.o)
                0x00021270                std::get_new_handler()
 .text          0x0002127c       0x14 c:/yotta/gcc/bin/../lib/gcc/arm-none-eabi/4.9.3/armv6-m\libgcc.a(_thumb1_case_uqi.o)
                0x0002127c                __gnu_thumb1_case_uqi
 .text          0x00021290      0x120 c:/yotta/gcc/bin/../lib/gcc/arm-none-eabi/4.9.3/armv6-m\libgcc.a(_udivsi3.o)
                0x00021290                __aeabi_uidiv
                0x00021290                __udivsi3
                0x0002139c                __aeabi_uidivmod
 .text          0x000213b0        0x4 c:/yotta/gcc/bin/../lib/gcc/arm-none-eabi/4.9.3/armv6-m\libgcc.a(_dvmd_tls.o)
                0x000213b0                __aeabi_idiv0
                0x000213b0                __aeabi_ldiv0
 .text          0x000213b4       0x40 c:/yotta/gcc/bin/../lib/gcc/arm-none-eabi/4.9.3/armv6-m\libgcc.a(_aeabi_uldivmod.o)
                0x000213b4                __aeabi_uldivmod
 .text          0x000213f4       0x54 c:/yotta/gcc/bin/../lib/gcc/arm-none-eabi/4.9.3/armv6-m\libgcc.a(_muldi3.o)
                0x000213f4                __muldi3
                0x000213f4                __aeabi_lmul
 .text          0x00021448       0x6c c:/yotta/gcc/bin/../lib/gcc/arm-none-eabi/4.9.3/armv6-m\libgcc.a(bpabi.o)
                0x00021448                __gnu_ldivmod_helper
                0x00021480                __gnu_uldivmod_helper
 .text          0x000214b4       0x3c c:/yotta/gcc/bin/../lib/gcc/arm-none-eabi/4.9.3/armv6-m\libgcc.a(_clzsi2.o)
                0x000214b4                __clzsi2
 .text          0x000214f0      0x1f0 c:/yotta/gcc/bin/../lib/gcc/arm-none-eabi/4.9.3/armv6-m\libgcc.a(_divdi3.o)
                0x000214f0                __divdi3
 .text          0x000216e0      0x158 c:/yotta/gcc/bin/../lib/gcc/arm-none-eabi/4.9.3/armv6-m\libgcc.a(_udivdi3.o)
                0x000216e0                __udivdi3
 .text          0x00021838       0x18 c:/yotta/gcc/bin/../lib/gcc/arm-none-eabi/4.9.3/armv6-m\libgcc.a(_clzdi2.o)
                0x00021838                __clzdi2
 .text.__cxa_atexit
                0x00021850       0x1c c:/yotta/gcc/bin/../lib/gcc/arm-none-eabi/4.9.3/../../../../arm-none-eabi/lib/armv6-m\libc_nano.a(lib_a-cxa_atexit.o)
                0x00021850                __cxa_atexit
 .text.__errno  0x0002186c        0xc c:/yotta/gcc/bin/../lib/gcc/arm-none-eabi/4.9.3/../../../../arm-none-eabi/lib/armv6-m\libc_nano.a(lib_a-errno.o)
                0x0002186c                __errno
 .text.__libc_init_array
                0x00021878       0x4c c:/yotta/gcc/bin/../lib/gcc/arm-none-eabi/4.9.3/../../../../arm-none-eabi/lib/armv6-m\libc_nano.a(lib_a-init.o)
                0x00021878                __libc_init_array
 .text.malloc   0x000218c4       0x14 c:/yotta/gcc/bin/../lib/gcc/arm-none-eabi/4.9.3/../../../../arm-none-eabi/lib/armv6-m\libc_nano.a(lib_a-malloc.o)
                0x000218c4                malloc
 .text.free     0x000218d8       0x14 c:/yotta/gcc/bin/../lib/gcc/arm-none-eabi/4.9.3/../../../../arm-none-eabi/lib/armv6-m\libc_nano.a(lib_a-malloc.o)
                0x000218d8                free
 .text.raise    0x000218ec       0x14 c:/yotta/gcc/bin/../lib/gcc/arm-none-eabi/4.9.3/../../../../arm-none-eabi/lib/armv6-m\libc_nano.a(lib_a-signal.o)
                0x000218ec                raise
 .text._kill_r  0x00021900       0x24 c:/yotta/gcc/bin/../lib/gcc/arm-none-eabi/4.9.3/../../../../arm-none-eabi/lib/armv6-m\libc_nano.a(lib_a-signalr.o)
                0x00021900                _kill_r
 .text.snprintf
                0x00021924       0x68 c:/yotta/gcc/bin/../lib/gcc/arm-none-eabi/4.9.3/../../../../arm-none-eabi/lib/armv6-m\libc_nano.a(lib_a-snprintf.o)
                0x00021924                sniprintf
                0x00021924                snprintf
 .text.__ssputs_r
                0x0002198c       0xc0 c:/yotta/gcc/bin/../lib/gcc/arm-none-eabi/4.9.3/../../../../arm-none-eabi/lib/armv6-m\libc_nano.a(lib_a-nano-svfprintf.o)
                0x0002198c                __ssputs_r
 .text._svfprintf_r
                0x00021a4c      0x1ec c:/yotta/gcc/bin/../lib/gcc/arm-none-eabi/4.9.3/../../../../arm-none-eabi/lib/armv6-m\libc_nano.a(lib_a-nano-svfprintf.o)
                0x00021a4c                _svfiprintf_r
                0x00021a4c                _svfprintf_r
 .text._printf_i
                0x00021c38      0x230 c:/yotta/gcc/bin/../lib/gcc/arm-none-eabi/4.9.3/../../../../arm-none-eabi/lib/armv6-m\libc_nano.a(lib_a-nano-vfprintf_i.o)
                0x00021c38                _printf_i
 .text.mbed_sbrk
                0x00021e68       0x64 ym/core-util/source/core-util.a(sbrk.cpp.o)
                0x00021e68                mbed_sbrk
 .text.mbed_krbs_ex
                0x00021ecc       0x6c ym/core-util/source/core-util.a(sbrk.cpp.o)
                0x00021ecc                mbed_krbs_ex
 .text._ZN11FlexService13onDataWrittenEPK23GattWriteCallbackParams
                0x00021f38        0x2 source/CMakeFiles/ble-itcounts.dir/F_/ble-examples-hackathon/BLE_ItCounts/source/main.cpp.o
                0x00021f38                FlexService::onDataWritten(GattWriteCallbackParams const*)
 .text._ZN4mbed4util19FunctionPointerBaseIvE17_null_constructorEPvSt9__va_list
                0x00021f3a        0x2 source/CMakeFiles/ble-itcounts.dir/F_/ble-examples-hackathon/BLE_ItCounts/source/main.cpp.o
                0x00021f3a                mbed::util::FunctionPointerBase<void>::_null_constructor(void*, std::__va_list)
 .text._ZN4mbed4util19FunctionPointerBaseIvE15_null_copy_argsEPvS3_
                0x00021f3c        0x2 source/CMakeFiles/ble-itcounts.dir/F_/ble-examples-hackathon/BLE_ItCounts/source/main.cpp.o
                0x00021f3c                mbed::util::FunctionPointerBase<void>::_null_copy_args(void*, void*)
 .text._ZN4mbed4util19FunctionPointerBaseIvE16_null_destructorEPv
                0x00021f3e        0x2 source/CMakeFiles/ble-itcounts.dir/F_/ble-examples-hackathon/BLE_ItCounts/source/main.cpp.o
                0x00021f3e                mbed::util::FunctionPointerBase<void>::_null_destructor(void*)
 .text._ZN4mbed4util16FunctionPointer0IvE12staticcallerEPvPjS3_
                0x00021f40        0x6 source/CMakeFiles/ble-itcounts.dir/F_/ble-examples-hackathon/BLE_ItCounts/source/main.cpp.o
                0x00021f40                mbed::util::FunctionPointer0<void>::staticcaller(void*, unsigned int*, void*)
 .text._ZN4mbed4util16FunctionPointer0IvED2Ev
                0x00021f46        0x2 source/CMakeFiles/ble-itcounts.dir/F_/ble-examples-hackathon/BLE_ItCounts/source/main.cpp.o
                0x00021f46                mbed::util::FunctionPointer0<void>::~FunctionPointer0()
                0x00021f46                mbed::util::FunctionPointer0<void>::~FunctionPointer0()
 .text._ZN4mbed4util16FunctionPointer0IvED0Ev
                0x00021f48        0xc source/CMakeFiles/ble-itcounts.dir/F_/ble-examples-hackathon/BLE_ItCounts/source/main.cpp.o
                0x00021f48                mbed::util::FunctionPointer0<void>::~FunctionPointer0()
 .text._ZN4mbed4util19FunctionPointerBindIvED0Ev
                0x00021f54       0x12 source/CMakeFiles/ble-itcounts.dir/F_/ble-examples-hackathon/BLE_ItCounts/source/main.cpp.o
                0x00021f54                mbed::util::FunctionPointerBind<void>::~FunctionPointerBind()
 .text._ZN4mbed4util19FunctionPointerBaseIvE5clearEv
                0x00021f66       0x12 source/CMakeFiles/ble-itcounts.dir/F_/ble-examples-hackathon/BLE_ItCounts/source/main.cpp.o
                0x00021f66                mbed::util::FunctionPointerBase<void>::clear()
 .text._ZN26FunctionPointerWithContextIPK23GattWriteCallbackParamsE12membercallerI11FlexServiceEEvPvPcS2_
                0x00021f78       0x24 source/CMakeFiles/ble-itcounts.dir/F_/ble-examples-hackathon/BLE_ItCounts/source/main.cpp.o
                0x00021f78                void FunctionPointerWithContext<GattWriteCallbackParams const*>::membercaller<FlexService>(void*, char*, GattWriteCallbackParams const*)
 .text._ZN18GapAdvertisingData7addDataENS_10DataType_tEPKhh
                0x00021f9c       0x3a source/CMakeFiles/ble-itcounts.dir/F_/ble-examples-hackathon/BLE_ItCounts/source/main.cpp.o
                0x00021f9c                GapAdvertisingData::addData(GapAdvertisingData::DataType_t, unsigned char const*, unsigned char)
 .text._ZN3Gap18setAdvertisingDataEv
                0x00021fd6       0x12 source/CMakeFiles/ble-itcounts.dir/F_/ble-examples-hackathon/BLE_ItCounts/source/main.cpp.o
                0x00021fd6                Gap::setAdvertisingData()
 .text._ZN3Gap16startAdvertisingEv
                0x00021fe8       0x14 source/CMakeFiles/ble-itcounts.dir/F_/ble-examples-hackathon/BLE_ItCounts/source/main.cpp.o
                0x00021fe8                Gap::startAdvertising()
 .text._ZN3Gap28accumulateAdvertisingPayloadEN18GapAdvertisingData10DataType_tEPKhh
                0x00021ffc       0x30 source/CMakeFiles/ble-itcounts.dir/F_/ble-examples-hackathon/BLE_ItCounts/source/main.cpp.o
                0x00021ffc                Gap::accumulateAdvertisingPayload(GapAdvertisingData::DataType_t, unsigned char const*, unsigned char)
 .text._ZN4UUIDC2Et
                0x0002202c       0x1a source/CMakeFiles/ble-itcounts.dir/F_/ble-examples-hackathon/BLE_ItCounts/source/main.cpp.o
                0x0002202c                UUID::UUID(unsigned short)
                0x0002202c                UUID::UUID(unsigned short)
 .text._ZN4UUIDC2ERKS_
                0x00022046       0x1a source/CMakeFiles/ble-itcounts.dir/F_/ble-examples-hackathon/BLE_ItCounts/source/main.cpp.o
                0x00022046                UUID::UUID(UUID const&)
                0x00022046                UUID::UUID(UUID const&)
 .text._ZN18GattCharacteristicC2ERK4UUIDPhtthPP13GattAttributej
                0x00022060       0x7a source/CMakeFiles/ble-itcounts.dir/F_/ble-examples-hackathon/BLE_ItCounts/source/main.cpp.o
                0x00022060                GattCharacteristic::GattCharacteristic(UUID const&, unsigned char*, unsigned short, unsigned short, unsigned char, GattAttribute**, unsigned int)
                0x00022060                GattCharacteristic::GattCharacteristic(UUID const&, unsigned char*, unsigned short, unsigned short, unsigned char, GattAttribute**, unsigned int)
 .text._Z21disconnectionCallbackPKN3Gap29DisconnectionCallbackParams_tE
                0x000220da       0x12 source/CMakeFiles/ble-itcounts.dir/F_/ble-examples-hackathon/BLE_ItCounts/source/main.cpp.o
                0x000220da                disconnectionCallback(Gap::DisconnectionCallbackParams_t const*)
 .text._ZN3BLE10addServiceER11GattService
                0x000220ec       0x12 source/CMakeFiles/ble-itcounts.dir/F_/ble-examples-hackathon/BLE_ItCounts/source/main.cpp.o
                0x000220ec                BLE::addService(GattService&)
 .text._ZN3BLE4initEv
                0x000220fe        0xc ym/ble/source/ble.a(BLE.cpp.o)
                0x000220fe                BLE::init()
 .text._ZL18sd_ble_version_getP13ble_version_t
                0x0002210a        0x4 ym/ble-nrf51822/source/ble-nrf51822.a(nRF5xn.cpp.o)
 .text._ZL15sd_app_evt_waitv
                0x0002210e        0x4 ym/ble-nrf51822/source/ble-nrf51822.a(nRF5xn.cpp.o)
 .text._ZN6nRF5xnD2Ev
                0x00022112        0x2 ym/ble-nrf51822/source/ble-nrf51822.a(nRF5xn.cpp.o)
                0x00022112                nRF5xn::~nRF5xn()
                0x00022112                nRF5xn::~nRF5xn()
 .text._ZN6nRF5xn12waitForEventEv
                0x00022114        0x8 ym/ble-nrf51822/source/ble-nrf51822.a(nRF5xn.cpp.o)
                0x00022114                nRF5xn::waitForEvent()
 .text._ZN6nRF5xnD0Ev
                0x0002211c        0xc ym/ble-nrf51822/source/ble-nrf51822.a(nRF5xn.cpp.o)
                0x0002211c                nRF5xn::~nRF5xn()
 .text._ZN6nRF5xn4initEv
                0x00022128        0xa ym/ble-nrf51822/source/ble-nrf51822.a(nRF5xn.cpp.o)
                0x00022128                nRF5xn::init()
 .text._ZN6nRF5xn8shutdownEv
                0x00022132       0x10 ym/ble-nrf51822/source/ble-nrf51822.a(nRF5xn.cpp.o)
                0x00022132                nRF5xn::shutdown()
 .text._ZNK6nRF5xn18getSecurityManagerEv
                0x00022142        0x8 ym/ble-nrf51822/source/ble-nrf51822.a(nRF5xn.cpp.o)
                0x00022142                nRF5xn::getSecurityManager() const
 .text._ZN6nRF5xn18getSecurityManagerEv
                0x0002214a        0x8 ym/ble-nrf51822/source/ble-nrf51822.a(nRF5xn.cpp.o)
                0x0002214a                nRF5xn::getSecurityManager()
 .text._ZN6nRF5xn13getGattClientEv
                0x00022152        0x8 ym/ble-nrf51822/source/ble-nrf51822.a(nRF5xn.cpp.o)
                0x00022152                nRF5xn::getGattClient()
 .text._ZNK6nRF5xn13getGattServerEv
                0x0002215a        0x8 ym/ble-nrf51822/source/ble-nrf51822.a(nRF5xn.cpp.o)
                0x0002215a                nRF5xn::getGattServer() const
 .text._ZN6nRF5xn13getGattServerEv
                0x00022162        0x8 ym/ble-nrf51822/source/ble-nrf51822.a(nRF5xn.cpp.o)
                0x00022162                nRF5xn::getGattServer()
 .text._ZNK6nRF5xn6getGapEv
                0x0002216a        0x8 ym/ble-nrf51822/source/ble-nrf51822.a(nRF5xn.cpp.o)
                0x0002216a                nRF5xn::getGap() const
 .text._ZN6nRF5xn6getGapEv
                0x00022172        0x8 ym/ble-nrf51822/source/ble-nrf51822.a(nRF5xn.cpp.o)
                0x00022172                nRF5xn::getGap()
 .text.sd_ble_gap_address_set
                0x0002217a        0x4 ym/ble-nrf51822/source/ble-nrf51822.a(btle.cpp.o)
 .text.sd_ble_gap_address_get
                0x0002217e        0x4 ym/ble-nrf51822/source/ble-nrf51822.a(btle.cpp.o)
 .text.sd_ble_enable
                0x00022182        0x4 ym/ble-nrf51822/source/ble-nrf51822.a(btle.cpp.o)
 .text._ZL16sys_evt_dispatchm
                0x00022186        0x8 ym/ble-nrf51822/source/ble-nrf51822.a(btle.cpp.o)
 .text.assert_nrf_callback
                0x0002218e        0x2 ym/ble-nrf51822/source/ble-nrf51822.a(btle.cpp.o)
                0x0002218e                assert_nrf_callback
 .text._ZN10GattClient16discoverServicesEtPFvPK17DiscoveredServiceEtt
                0x00022190        0x4 ym/ble-nrf51822/source/ble-nrf51822.a(nRF5xGattClient.cpp.o)
                0x00022190                GattClient::discoverServices(unsigned short, void (*)(DiscoveredService const*), unsigned short, unsigned short)
 .text._ZL38sd_ble_gattc_primary_services_discoverttPK10ble_uuid_t
                0x00022194        0x4 ym/ble-nrf51822/source/ble-nrf51822.a(nRF5xGattClient.cpp.o)
 .text._ZL17sd_ble_gattc_readttt
                0x00022198        0x4 ym/ble-nrf51822/source/ble-nrf51822.a(nRF5xGattClient.cpp.o)
 .text._ZL18sd_ble_gattc_writetPK24ble_gattc_write_params_t
                0x0002219c        0x4 ym/ble-nrf51822/source/ble-nrf51822.a(nRF5xGattClient.cpp.o)
 .text._ZNK21nRF5xServiceDiscovery8isActiveEv
                0x000221a0        0xc ym/ble-nrf51822/source/ble-nrf51822.a(nRF5xGattClient.cpp.o)
                0x000221a0                nRF5xServiceDiscovery::isActive() const
 .text._ZN21nRF5xServiceDiscovery13onTerminationEPFvtE
                0x000221ac        0x6 ym/ble-nrf51822/source/ble-nrf51822.a(nRF5xGattClient.cpp.o)
                0x000221ac                nRF5xServiceDiscovery::onTermination(void (*)(unsigned short))
 .text._ZN15nRF5xGattClient29onServiceDiscoveryTerminationEPFvtE
                0x000221b2        0x6 ym/ble-nrf51822/source/ble-nrf51822.a(nRF5xGattClient.cpp.o)
                0x000221b2                nRF5xGattClient::onServiceDiscoveryTermination(void (*)(unsigned short))
 .text._ZNK15nRF5xGattClient24isServiceDiscoveryActiveEv
                0x000221b8        0xc ym/ble-nrf51822/source/ble-nrf51822.a(nRF5xGattClient.cpp.o)
                0x000221b8                nRF5xGattClient::isServiceDiscoveryActive() const
 .text._ZNK15nRF5xGattClient4readEttt
                0x000221c4       0x20 ym/ble-nrf51822/source/ble-nrf51822.a(nRF5xGattClient.cpp.o)
                0x000221c4                nRF5xGattClient::read(unsigned short, unsigned short, unsigned short) const
 .text._ZN15nRF5xGattClient22launchServiceDiscoveryEtPFvPK17DiscoveredServiceEPFvPK24DiscoveredCharacteristicERK4UUIDSC_
                0x000221e4       0x12 ym/ble-nrf51822/source/ble-nrf51822.a(nRF5xGattClient.cpp.o)
                0x000221e4                nRF5xGattClient::launchServiceDiscovery(unsigned short, void (*)(DiscoveredService const*), void (*)(DiscoveredCharacteristic const*), UUID const&, UUID const&)
 .text._ZN10GattClient16discoverServicesEtPFvPK17DiscoveredServiceERK4UUID
                0x000221f6       0x2e ym/ble-nrf51822/source/ble-nrf51822.a(nRF5xGattClient.cpp.o)
                0x000221f6                GattClient::discoverServices(unsigned short, void (*)(DiscoveredService const*), UUID const&)
 .text._ZN21nRF5xServiceDiscovery25terminateServiceDiscoveryEv
                0x00022224       0x24 ym/ble-nrf51822/source/ble-nrf51822.a(nRF5xGattClient.cpp.o)
                0x00022224                nRF5xServiceDiscovery::terminateServiceDiscovery()
 .text._ZN21nRF5xServiceDiscovery9terminateEv
                0x00022248        0x8 ym/ble-nrf51822/source/ble-nrf51822.a(nRF5xGattClient.cpp.o)
                0x00022248                nRF5xServiceDiscovery::terminate()
 .text._ZN15nRF5xGattClient25terminateServiceDiscoveryEv
                0x00022250        0xa ym/ble-nrf51822/source/ble-nrf51822.a(nRF5xGattClient.cpp.o)
                0x00022250                nRF5xGattClient::terminateServiceDiscovery()
 .text._ZN15SecurityManager24onSecuritySetupInitiatedEPFvtbbNS_24SecurityIOCapabilities_tEE
                0x0002225a        0x4 ym/ble-nrf51822/source/ble-nrf51822.a(nRF5xSecurityManager.cpp.o)
                0x0002225a                SecurityManager::onSecuritySetupInitiated(void (*)(unsigned short, bool, bool, SecurityManager::SecurityIOCapabilities_t))
 .text._ZN15SecurityManager24onSecuritySetupCompletedEPFvtNS_26SecurityCompletionStatus_tEE
                0x0002225e        0x4 ym/ble-nrf51822/source/ble-nrf51822.a(nRF5xSecurityManager.cpp.o)
                0x0002225e                SecurityManager::onSecuritySetupCompleted(void (*)(unsigned short, SecurityManager::SecurityCompletionStatus_t))
 .text._ZN15SecurityManager13onLinkSecuredEPFvtNS_14SecurityMode_tEE
                0x00022262        0x4 ym/ble-nrf51822/source/ble-nrf51822.a(nRF5xSecurityManager.cpp.o)
                0x00022262                SecurityManager::onLinkSecured(void (*)(unsigned short, SecurityManager::SecurityMode_t))
 .text._ZN15SecurityManager23onSecurityContextStoredEPFvtE
                0x00022266        0x4 ym/ble-nrf51822/source/ble-nrf51822.a(nRF5xSecurityManager.cpp.o)
                0x00022266                SecurityManager::onSecurityContextStored(void (*)(unsigned short))
 .text._ZN15SecurityManager16onPasskeyDisplayEPFvtPKhE
                0x0002226a        0x4 ym/ble-nrf51822/source/ble-nrf51822.a(nRF5xSecurityManager.cpp.o)
                0x0002226a                SecurityManager::onPasskeyDisplay(void (*)(unsigned short, unsigned char const*))
 .text._ZN20nRF5xSecurityManager20purgeAllBondingStateEv
                0x0002226e        0x8 ym/ble-nrf51822/source/ble-nrf51822.a(nRF5xSecurityManager.cpp.o)
                0x0002226e                nRF5xSecurityManager::purgeAllBondingState()
 .text._ZN20nRF5xSecurityManager15getLinkSecurityEtPN15SecurityManager20LinkSecurityStatus_tE
                0x00022276        0xc ym/ble-nrf51822/source/ble-nrf51822.a(nRF5xSecurityManager.cpp.o)
                0x00022276                nRF5xSecurityManager::getLinkSecurity(unsigned short, SecurityManager::LinkSecurityStatus_t*)
 .text._ZN20nRF5xSecurityManager4initEbbN15SecurityManager24SecurityIOCapabilities_tEPKh
                0x00022282       0x10 ym/ble-nrf51822/source/ble-nrf51822.a(nRF5xSecurityManager.cpp.o)
                0x00022282                nRF5xSecurityManager::init(bool, bool, SecurityManager::SecurityIOCapabilities_t, unsigned char const*)
 .text._ZL23sd_ble_gap_tx_power_seta
                0x00022292        0x4 ym/ble-nrf51822/source/ble-nrf51822.a(btle_gap.cpp.o)
 .text._ZL25sd_ble_gap_appearance_sett
                0x00022296        0x4 ym/ble-nrf51822/source/ble-nrf51822.a(btle_gap.cpp.o)
 .text._ZL19sd_ble_gap_ppcp_setPK21ble_gap_conn_params_t
                0x0002229a        0x4 ym/ble-nrf51822/source/ble-nrf51822.a(btle_gap.cpp.o)
 .text._ZL26sd_ble_gap_device_name_setPK23ble_gap_conn_sec_mode_tPKht
                0x0002229e        0x4 ym/ble-nrf51822/source/ble-nrf51822.a(btle_gap.cpp.o)
 .text._ZL22sd_ble_gap_address_sethPK14ble_gap_addr_t
                0x000222a2        0x4 ym/ble-nrf51822/source/ble-nrf51822.a(nRF5xGap.cpp.o)
 .text._ZL22sd_ble_gap_address_getP14ble_gap_addr_t
                0x000222a6        0x4 ym/ble-nrf51822/source/ble-nrf51822.a(nRF5xGap.cpp.o)
 .text._ZL23sd_ble_gap_adv_data_setPKhhS0_h
                0x000222aa        0x4 ym/ble-nrf51822/source/ble-nrf51822.a(nRF5xGap.cpp.o)
 .text._ZL20sd_ble_gap_adv_startPK20ble_gap_adv_params_t
                0x000222ae        0x4 ym/ble-nrf51822/source/ble-nrf51822.a(nRF5xGap.cpp.o)
 .text._ZL19sd_ble_gap_adv_stopv
                0x000222b2        0x4 ym/ble-nrf51822/source/ble-nrf51822.a(nRF5xGap.cpp.o)
 .text._ZL28sd_ble_gap_conn_param_updatetPK21ble_gap_conn_params_t
                0x000222b6        0x4 ym/ble-nrf51822/source/ble-nrf51822.a(nRF5xGap.cpp.o)
 .text._ZL21sd_ble_gap_disconnectth
                0x000222ba        0x4 ym/ble-nrf51822/source/ble-nrf51822.a(nRF5xGap.cpp.o)
 .text._ZL23sd_ble_gap_tx_power_seta
                0x000222be        0x4 ym/ble-nrf51822/source/ble-nrf51822.a(nRF5xGap.cpp.o)
 .text._ZL25sd_ble_gap_appearance_sett
                0x000222c2        0x4 ym/ble-nrf51822/source/ble-nrf51822.a(nRF5xGap.cpp.o)
 .text._ZL25sd_ble_gap_appearance_getPt
                0x000222c6        0x4 ym/ble-nrf51822/source/ble-nrf51822.a(nRF5xGap.cpp.o)
 .text._ZL19sd_ble_gap_ppcp_setPK21ble_gap_conn_params_t
                0x000222ca        0x4 ym/ble-nrf51822/source/ble-nrf51822.a(nRF5xGap.cpp.o)
 .text._ZL19sd_ble_gap_ppcp_getP21ble_gap_conn_params_t
                0x000222ce        0x4 ym/ble-nrf51822/source/ble-nrf51822.a(nRF5xGap.cpp.o)
 .text._ZL26sd_ble_gap_device_name_setPK23ble_gap_conn_sec_mode_tPKht
                0x000222d2        0x4 ym/ble-nrf51822/source/ble-nrf51822.a(nRF5xGap.cpp.o)
 .text._ZL26sd_ble_gap_device_name_getPhPt
                0x000222d6        0x4 ym/ble-nrf51822/source/ble-nrf51822.a(nRF5xGap.cpp.o)
 .text._ZL21sd_ble_gap_scan_startPK21ble_gap_scan_params_t
                0x000222da        0x4 ym/ble-nrf51822/source/ble-nrf51822.a(nRF5xGap.cpp.o)
 .text._ZL20sd_ble_gap_scan_stopv
                0x000222de        0x4 ym/ble-nrf51822/source/ble-nrf51822.a(nRF5xGap.cpp.o)
 .text._ZL18sd_ble_gap_connectPK14ble_gap_addr_tPK21ble_gap_scan_params_tPK21ble_gap_conn_params_t
                0x000222e2        0x4 ym/ble-nrf51822/source/ble-nrf51822.a(nRF5xGap.cpp.o)
 .text._ZN3Gap10setAddressENS_13AddressType_tEPKh
                0x000222e6        0x4 ym/ble-nrf51822/source/ble-nrf51822.a(nRF5xGap.cpp.o)
                0x000222e6                Gap::setAddress(Gap::AddressType_t, unsigned char const*)
 .text._ZN3Gap10getAddressEPNS_13AddressType_tEPh
                0x000222ea        0x4 ym/ble-nrf51822/source/ble-nrf51822.a(nRF5xGap.cpp.o)
                0x000222ea                Gap::getAddress(Gap::AddressType_t*, unsigned char*)
 .text._ZNK3Gap25getMinAdvertisingIntervalEv
                0x000222ee        0x4 ym/ble-nrf51822/source/ble-nrf51822.a(nRF5xGap.cpp.o)
                0x000222ee                Gap::getMinAdvertisingInterval() const
 .text._ZNK3Gap39getMinNonConnectableAdvertisingIntervalEv
                0x000222f2        0x4 ym/ble-nrf51822/source/ble-nrf51822.a(nRF5xGap.cpp.o)
                0x000222f2                Gap::getMinNonConnectableAdvertisingInterval() const
 .text._ZN3Gap15stopAdvertisingEv
                0x000222f6        0x4 ym/ble-nrf51822/source/ble-nrf51822.a(nRF5xGap.cpp.o)
                0x000222f6                Gap::stopAdvertising()
 .text._ZN3Gap8stopScanEv
                0x000222fa        0x4 ym/ble-nrf51822/source/ble-nrf51822.a(nRF5xGap.cpp.o)
                0x000222fa                Gap::stopScan()
 .text._ZN3Gap7connectEPKhNS_13AddressType_tEPKNS_18ConnectionParams_tEPK17GapScanningParams
                0x000222fe        0x4 ym/ble-nrf51822/source/ble-nrf51822.a(nRF5xGap.cpp.o)
                0x000222fe                Gap::connect(unsigned char const*, Gap::AddressType_t, Gap::ConnectionParams_t const*, GapScanningParams const*)
 .text._ZN3Gap10disconnectEtNS_21DisconnectionReason_tE
                0x00022302        0x4 ym/ble-nrf51822/source/ble-nrf51822.a(nRF5xGap.cpp.o)
                0x00022302                Gap::disconnect(unsigned short, Gap::DisconnectionReason_t)
 .text._ZN3Gap10disconnectENS_21DisconnectionReason_tE
                0x00022306        0x4 ym/ble-nrf51822/source/ble-nrf51822.a(nRF5xGap.cpp.o)
                0x00022306                Gap::disconnect(Gap::DisconnectionReason_t)
 .text._ZN3Gap28getPreferredConnectionParamsEPNS_18ConnectionParams_tE
                0x0002230a        0x4 ym/ble-nrf51822/source/ble-nrf51822.a(nRF5xGap.cpp.o)
                0x0002230a                Gap::getPreferredConnectionParams(Gap::ConnectionParams_t*)
 .text._ZN3Gap28setPreferredConnectionParamsEPKNS_18ConnectionParams_tE
                0x0002230e        0x4 ym/ble-nrf51822/source/ble-nrf51822.a(nRF5xGap.cpp.o)
                0x0002230e                Gap::setPreferredConnectionParams(Gap::ConnectionParams_t const*)
 .text._ZN3Gap22updateConnectionParamsEtPKNS_18ConnectionParams_tE
                0x00022312        0x4 ym/ble-nrf51822/source/ble-nrf51822.a(nRF5xGap.cpp.o)
                0x00022312                Gap::updateConnectionParams(unsigned short, Gap::ConnectionParams_t const*)
 .text._ZN3Gap13setDeviceNameEPKh
                0x00022316        0x4 ym/ble-nrf51822/source/ble-nrf51822.a(nRF5xGap.cpp.o)
                0x00022316                Gap::setDeviceName(unsigned char const*)
 .text._ZN3Gap13getDeviceNameEPhPj
                0x0002231a        0x4 ym/ble-nrf51822/source/ble-nrf51822.a(nRF5xGap.cpp.o)
                0x0002231a                Gap::getDeviceName(unsigned char*, unsigned int*)
 .text._ZN3Gap13setAppearanceEN18GapAdvertisingData12Appearance_tE
                0x0002231e        0x4 ym/ble-nrf51822/source/ble-nrf51822.a(nRF5xGap.cpp.o)
                0x0002231e                Gap::setAppearance(GapAdvertisingData::Appearance_t)
 .text._ZN3Gap13getAppearanceEPN18GapAdvertisingData12Appearance_tE
                0x00022322        0x4 ym/ble-nrf51822/source/ble-nrf51822.a(nRF5xGap.cpp.o)
                0x00022322                Gap::getAppearance(GapAdvertisingData::Appearance_t*)
 .text._ZN3Gap10setTxPowerEa
                0x00022326        0x4 ym/ble-nrf51822/source/ble-nrf51822.a(nRF5xGap.cpp.o)
                0x00022326                Gap::setTxPower(signed char)
 .text._ZN3Gap25getPermittedTxPowerValuesEPPKaPj
                0x0002232a        0x6 ym/ble-nrf51822/source/ble-nrf51822.a(nRF5xGap.cpp.o)
                0x0002232a                Gap::getPermittedTxPowerValues(signed char const**, unsigned int*)
 .text._ZN3Gap14startRadioScanERK17GapScanningParams
                0x00022330        0x4 ym/ble-nrf51822/source/ble-nrf51822.a(nRF5xGap.cpp.o)
                0x00022330                Gap::startRadioScan(GapScanningParams const&)
 .text._ZN3Gap21initRadioNotificationEv
                0x00022334        0x4 ym/ble-nrf51822/source/ble-nrf51822.a(nRF5xGap.cpp.o)
                0x00022334                Gap::initRadioNotification()
 .text._ZNK8nRF5xGap25getMinAdvertisingIntervalEv
                0x00022338        0x4 ym/ble-nrf51822/source/ble-nrf51822.a(nRF5xGap.cpp.o)
                0x00022338                nRF5xGap::getMinAdvertisingInterval() const
 .text._ZNK8nRF5xGap39getMinNonConnectableAdvertisingIntervalEv
                0x0002233c        0x4 ym/ble-nrf51822/source/ble-nrf51822.a(nRF5xGap.cpp.o)
                0x0002233c                nRF5xGap::getMinNonConnectableAdvertisingInterval() const
 .text._ZNK8nRF5xGap25getMaxAdvertisingIntervalEv
                0x00022340        0x6 ym/ble-nrf51822/source/ble-nrf51822.a(nRF5xGap.cpp.o)
                0x00022340                nRF5xGap::getMaxAdvertisingInterval() const
 .text._ZN8nRF5xGap14startRadioScanERK17GapScanningParams
                0x00022346       0x3a ym/ble-nrf51822/source/ble-nrf51822.a(nRF5xGap.cpp.o)
                0x00022346                nRF5xGap::startRadioScan(GapScanningParams const&)
 .text._ZN8nRF5xGap8stopScanEv
                0x00022380       0x10 ym/ble-nrf51822/source/ble-nrf51822.a(nRF5xGap.cpp.o)
                0x00022380                nRF5xGap::stopScan()
 .text._ZN8nRF5xGap15stopAdvertisingEv
                0x00022390       0x20 ym/ble-nrf51822/source/ble-nrf51822.a(nRF5xGap.cpp.o)
                0x00022390                nRF5xGap::stopAdvertising()
 .text._ZN8nRF5xGap10disconnectEtN3Gap21DisconnectionReason_tE
                0x000223b0       0x2c ym/ble-nrf51822/source/ble-nrf51822.a(nRF5xGap.cpp.o)
                0x000223b0                nRF5xGap::disconnect(unsigned short, Gap::DisconnectionReason_t)
 .text._ZN8nRF5xGap10disconnectEN3Gap21DisconnectionReason_tE
                0x000223dc       0x12 ym/ble-nrf51822/source/ble-nrf51822.a(nRF5xGap.cpp.o)
                0x000223dc                nRF5xGap::disconnect(Gap::DisconnectionReason_t)
 .text._ZN8nRF5xGap28getPreferredConnectionParamsEPN3Gap18ConnectionParams_tE
                0x000223ee       0x16 ym/ble-nrf51822/source/ble-nrf51822.a(nRF5xGap.cpp.o)
                0x000223ee                nRF5xGap::getPreferredConnectionParams(Gap::ConnectionParams_t*)
 .text._ZN8nRF5xGap28setPreferredConnectionParamsEPKN3Gap18ConnectionParams_tE
                0x00022404       0x16 ym/ble-nrf51822/source/ble-nrf51822.a(nRF5xGap.cpp.o)
                0x00022404                nRF5xGap::setPreferredConnectionParams(Gap::ConnectionParams_t const*)
 .text._ZN8nRF5xGap22updateConnectionParamsEtPKN3Gap18ConnectionParams_tE
                0x0002241a       0x14 ym/ble-nrf51822/source/ble-nrf51822.a(nRF5xGap.cpp.o)
                0x0002241a                nRF5xGap::updateConnectionParams(unsigned short, Gap::ConnectionParams_t const*)
 .text._ZN8nRF5xGap10getAddressEPN3Gap13AddressType_tEPh
                0x0002242e       0x32 ym/ble-nrf51822/source/ble-nrf51822.a(nRF5xGap.cpp.o)
                0x0002242e                nRF5xGap::getAddress(Gap::AddressType_t*, unsigned char*)
 .text._ZN8nRF5xGap13getDeviceNameEPhPj
                0x00022460       0x14 ym/ble-nrf51822/source/ble-nrf51822.a(nRF5xGap.cpp.o)
                0x00022460                nRF5xGap::getDeviceName(unsigned char*, unsigned int*)
 .text._ZN8nRF5xGap13setAppearanceEN18GapAdvertisingData12Appearance_tE
                0x00022474       0x12 ym/ble-nrf51822/source/ble-nrf51822.a(nRF5xGap.cpp.o)
                0x00022474                nRF5xGap::setAppearance(GapAdvertisingData::Appearance_t)
 .text._ZN8nRF5xGap13getAppearanceEPN18GapAdvertisingData12Appearance_tE
                0x00022486       0x12 ym/ble-nrf51822/source/ble-nrf51822.a(nRF5xGap.cpp.o)
                0x00022486                nRF5xGap::getAppearance(GapAdvertisingData::Appearance_t*)
 .text._ZN8nRF5xGap10setTxPowerEa
                0x00022498       0x1a ym/ble-nrf51822/source/ble-nrf51822.a(nRF5xGap.cpp.o)
                0x00022498                nRF5xGap::setTxPower(signed char)
 .text._ZN8nRF5xGap13setDeviceNameEPKh
                0x000224b2       0x24 ym/ble-nrf51822/source/ble-nrf51822.a(nRF5xGap.cpp.o)
                0x000224b2                nRF5xGap::setDeviceName(unsigned char const*)
 .text._ZN8nRF5xGap10setAddressEN3Gap13AddressType_tEPKh
                0x000224d6       0x2a ym/ble-nrf51822/source/ble-nrf51822.a(nRF5xGap.cpp.o)
                0x000224d6                nRF5xGap::setAddress(Gap::AddressType_t, unsigned char const*)
 .text._ZN8nRF5xGap18setAdvertisingDataERK18GapAdvertisingDataS2_
                0x00022500       0x2e ym/ble-nrf51822/source/ble-nrf51822.a(nRF5xGap.cpp.o)
                0x00022500                nRF5xGap::setAdvertisingData(GapAdvertisingData const&, GapAdvertisingData const&)
 .text._ZN38CallChainOfFunctionPointersWithContextIPKN3Gap26ConnectionCallbackParams_tEED0Ev
                0x0002252e       0x12 ym/ble-nrf51822/source/ble-nrf51822.a(nRF5xGap.cpp.o)
                0x0002252e                CallChainOfFunctionPointersWithContext<Gap::ConnectionCallbackParams_t const*>::~CallChainOfFunctionPointersWithContext()
 .text._ZN38CallChainOfFunctionPointersWithContextIPKN3Gap29DisconnectionCallbackParams_tEED0Ev
                0x00022540       0x12 ym/ble-nrf51822/source/ble-nrf51822.a(nRF5xGap.cpp.o)
                0x00022540                CallChainOfFunctionPointersWithContext<Gap::DisconnectionCallbackParams_t const*>::~CallChainOfFunctionPointersWithContext()
 .text._ZN18GapAdvertisingDataC2Ev
                0x00022552       0x1a ym/ble-nrf51822/source/ble-nrf51822.a(nRF5xGap.cpp.o)
                0x00022552                GapAdvertisingData::GapAdvertisingData()
                0x00022552                GapAdvertisingData::GapAdvertisingData()
 .text._ZN18GapAdvertisingData5clearEv
                0x0002256c       0x12 ym/ble-nrf51822/source/ble-nrf51822.a(nRF5xGap.cpp.o)
                0x0002256c                GapAdvertisingData::clear()
 .text._Z31radioNotificationStaticCallbackb
                0x0002257e       0x34 ym/ble-nrf51822/source/ble-nrf51822.a(nRF5xGap.cpp.o)
                0x0002257e                radioNotificationStaticCallback(bool)
 .text._ZN8nRF5xGap19setConnectionHandleEt
                0x000225b2        0x6 ym/ble-nrf51822/source/ble-nrf51822.a(nRF5xGap.cpp.o)
                0x000225b2                nRF5xGap::setConnectionHandle(unsigned short)
 .text._ZN8nRF5xGap19getConnectionHandleEv
                0x000225b8        0x6 ym/ble-nrf51822/source/ble-nrf51822.a(nRF5xGap.cpp.o)
                0x000225b8                nRF5xGap::getConnectionHandle()
 .text.sd_ble_opt_set
                0x000225be        0x4 ym/ble-nrf51822/source/ble-nrf51822.a(btle_security.cpp.o)
 .text.sd_ble_gap_sec_params_reply
                0x000225c2        0x4 ym/ble-nrf51822/source/ble-nrf51822.a(device_manager_peripheral.c.o)
 .text.sd_ble_gap_sec_info_reply
                0x000225c6        0x4 ym/ble-nrf51822/source/ble-nrf51822.a(device_manager_peripheral.c.o)
 .text.sd_ble_gatts_service_changed
                0x000225ca        0x4 ym/ble-nrf51822/source/ble-nrf51822.a(device_manager_peripheral.c.o)
 .text.sd_ble_gatts_sys_attr_set
                0x000225ce        0x4 ym/ble-nrf51822/source/ble-nrf51822.a(device_manager_peripheral.c.o)
 .text.sd_ble_gatts_sys_attr_get
                0x000225d2        0x4 ym/ble-nrf51822/source/ble-nrf51822.a(device_manager_peripheral.c.o)
 .text.storage_operation_dummy_handler
                0x000225d6        0x4 ym/ble-nrf51822/source/ble-nrf51822.a(device_manager_peripheral.c.o)
 .text.no_service_context_store
                0x000225da        0x4 ym/ble-nrf51822/source/ble-nrf51822.a(device_manager_peripheral.c.o)
 .text.gattc_context_store
                0x000225de        0x4 ym/ble-nrf51822/source/ble-nrf51822.a(device_manager_peripheral.c.o)
 .text.no_service_context_load
                0x000225e2        0x4 ym/ble-nrf51822/source/ble-nrf51822.a(device_manager_peripheral.c.o)
 .text.gattc_context_load
                0x000225e6        0x4 ym/ble-nrf51822/source/ble-nrf51822.a(device_manager_peripheral.c.o)
 .text.no_service_context_apply
                0x000225ea        0x4 ym/ble-nrf51822/source/ble-nrf51822.a(device_manager_peripheral.c.o)
 .text.gattc_context_apply
                0x000225ee        0x4 ym/ble-nrf51822/source/ble-nrf51822.a(device_manager_peripheral.c.o)
 .text.gattsc_context_store
                0x000225f2        0x8 ym/ble-nrf51822/source/ble-nrf51822.a(device_manager_peripheral.c.o)
 .text.gattsc_context_apply
                0x000225fa        0x8 ym/ble-nrf51822/source/ble-nrf51822.a(device_manager_peripheral.c.o)
 .text.gattsc_context_load
                0x00022602        0x8 ym/ble-nrf51822/source/ble-nrf51822.a(device_manager_peripheral.c.o)
 .text._Z20bleGattcEventHandlerPK9ble_evt_t
                0x0002260a       0xf6 ym/ble-nrf51822/source/ble-nrf51822.a(btle_discovery.cpp.o)
                0x0002260a                bleGattcEventHandler(ble_evt_t const*)
 .text._ZL24sd_ble_gatts_service_addhPK10ble_uuid_tPt
                0x00022700        0x4 ym/ble-nrf51822/source/ble-nrf51822.a(nRF5xGattServer.cpp.o)
 .text._ZL22sd_ble_gatts_value_setttP17ble_gatts_value_t
                0x00022704        0x4 ym/ble-nrf51822/source/ble-nrf51822.a(nRF5xGattServer.cpp.o)
 .text._ZL22sd_ble_gatts_value_getttP17ble_gatts_value_t
                0x00022708        0x4 ym/ble-nrf51822/source/ble-nrf51822.a(nRF5xGattServer.cpp.o)
 .text._ZL16sd_ble_gatts_hvxtPK22ble_gatts_hvx_params_t
                0x0002270c        0x4 ym/ble-nrf51822/source/ble-nrf51822.a(nRF5xGattServer.cpp.o)
 .text._ZL31sd_ble_gatts_rw_authorize_replytPK37ble_gatts_rw_authorize_reply_params_t
                0x00022710        0x4 ym/ble-nrf51822/source/ble-nrf51822.a(nRF5xGattServer.cpp.o)
 .text._ZL25sd_ble_gatts_sys_attr_settPKhtm
                0x00022714        0x4 ym/ble-nrf51822/source/ble-nrf51822.a(nRF5xGattServer.cpp.o)
 .text._ZN10GattServer10addServiceER11GattService
                0x00022718        0x4 ym/ble-nrf51822/source/ble-nrf51822.a(nRF5xGattServer.cpp.o)
                0x00022718                GattServer::addService(GattService&)
 .text._ZN10GattServer4readEtPhPt
                0x0002271c        0x4 ym/ble-nrf51822/source/ble-nrf51822.a(nRF5xGattServer.cpp.o)
                0x0002271c                GattServer::read(unsigned short, unsigned char*, unsigned short*)
 .text._ZN10GattServer4readEttPhPt
                0x00022720        0x4 ym/ble-nrf51822/source/ble-nrf51822.a(nRF5xGattServer.cpp.o)
                0x00022720                GattServer::read(unsigned short, unsigned short, unsigned char*, unsigned short*)
 .text._ZN10GattServer5writeEtPKhtb
                0x00022724        0x4 ym/ble-nrf51822/source/ble-nrf51822.a(nRF5xGattServer.cpp.o)
                0x00022724                GattServer::write(unsigned short, unsigned char const*, unsigned short, bool)
 .text._ZN10GattServer5writeEttPKhtb
                0x00022728        0x4 ym/ble-nrf51822/source/ble-nrf51822.a(nRF5xGattServer.cpp.o)
                0x00022728                GattServer::write(unsigned short, unsigned short, unsigned char const*, unsigned short, bool)
 .text._ZN10GattServer17areUpdatesEnabledERK18GattCharacteristicPb
                0x0002272c        0x4 ym/ble-nrf51822/source/ble-nrf51822.a(nRF5xGattServer.cpp.o)
                0x0002272c                GattServer::areUpdatesEnabled(GattCharacteristic const&, bool*)
 .text._ZN10GattServer17areUpdatesEnabledEtRK18GattCharacteristicPb
                0x00022730        0x4 ym/ble-nrf51822/source/ble-nrf51822.a(nRF5xGattServer.cpp.o)
                0x00022730                GattServer::areUpdatesEnabled(unsigned short, GattCharacteristic const&, bool*)
 .text._ZNK10GattServer21isOnDataReadAvailableEv
                0x00022734        0x4 ym/ble-nrf51822/source/ble-nrf51822.a(nRF5xGattServer.cpp.o)
                0x00022734                GattServer::isOnDataReadAvailable() const
 .text._ZN15nRF5xGattServer4readEttPhPt
                0x00022738       0x2a ym/ble-nrf51822/source/ble-nrf51822.a(nRF5xGattServer.cpp.o)
                0x00022738                nRF5xGattServer::read(unsigned short, unsigned short, unsigned char*, unsigned short*)
 .text._ZN15nRF5xGattServer17areUpdatesEnabledERK18GattCharacteristicPb
                0x00022762       0x20 ym/ble-nrf51822/source/ble-nrf51822.a(nRF5xGattServer.cpp.o)
                0x00022762                nRF5xGattServer::areUpdatesEnabled(GattCharacteristic const&, bool*)
 .text._ZN38CallChainOfFunctionPointersWithContextIjED0Ev
                0x00022782       0x12 ym/ble-nrf51822/source/ble-nrf51822.a(nRF5xGattServer.cpp.o)
                0x00022782                CallChainOfFunctionPointersWithContext<unsigned int>::~CallChainOfFunctionPointersWithContext()
 .text._ZN38CallChainOfFunctionPointersWithContextIPK23GattWriteCallbackParamsED0Ev
                0x00022794       0x12 ym/ble-nrf51822/source/ble-nrf51822.a(nRF5xGattServer.cpp.o)
                0x00022794                CallChainOfFunctionPointersWithContext<GattWriteCallbackParams const*>::~CallChainOfFunctionPointersWithContext()
 .text._ZN38CallChainOfFunctionPointersWithContextIPK22GattReadCallbackParamsED0Ev
                0x000227a6       0x12 ym/ble-nrf51822/source/ble-nrf51822.a(nRF5xGattServer.cpp.o)
                0x000227a6                CallChainOfFunctionPointersWithContext<GattReadCallbackParams const*>::~CallChainOfFunctionPointersWithContext()
 .text._ZN15nRF5xGattServer17areUpdatesEnabledEtRK18GattCharacteristicPb
                0x000227b8       0x62 ym/ble-nrf51822/source/ble-nrf51822.a(nRF5xGattServer.cpp.o)
                0x000227b8                nRF5xGattServer::areUpdatesEnabled(unsigned short, GattCharacteristic const&, bool*)
 .text._ZNK4UUIDeqERKS_
                0x0002281a       0x3c ym/ble-nrf51822/source/ble-nrf51822.a(nRF5xGattServer.cpp.o)
                0x0002281a                UUID::operator==(UUID const&) const
 .text._ZN10GattServer22handleDataWrittenEventEPK23GattWriteCallbackParams
                0x00022856       0x30 ym/ble-nrf51822/source/ble-nrf51822.a(nRF5xGattServer.cpp.o)
                0x00022856                GattServer::handleDataWrittenEvent(GattWriteCallbackParams const*)
 .text._ZN10GattServer11handleEventEN16GattServerEvents11gattEvent_eEt
                0x00022886       0x24 ym/ble-nrf51822/source/ble-nrf51822.a(nRF5xGattServer.cpp.o)
                0x00022886                GattServer::handleEvent(GattServerEvents::gattEvent_e, unsigned short)
 .text._ZN15nRF5xGattServer10hwCallbackEP9ble_evt_t
                0x000228aa      0x292 ym/ble-nrf51822/source/ble-nrf51822.a(nRF5xGattServer.cpp.o)
                0x000228aa                nRF5xGattServer::hwCallback(ble_evt_t*)
 .text.sd_nvic_EnableIRQ
                0x00022b3c        0x4 ym/ble-nrf51822/source/ble-nrf51822.a(softdevice_handler.c.o)
 .text.sd_evt_get
                0x00022b40        0x4 ym/ble-nrf51822/source/ble-nrf51822.a(softdevice_handler.c.o)
 .text.sd_softdevice_enable
                0x00022b44        0x4 ym/ble-nrf51822/source/ble-nrf51822.a(softdevice_handler.c.o)
 .text.sd_softdevice_disable
                0x00022b48        0x4 ym/ble-nrf51822/source/ble-nrf51822.a(softdevice_handler.c.o)
 .text.sd_ble_evt_get
                0x00022b4c        0x4 ym/ble-nrf51822/source/ble-nrf51822.a(softdevice_handler.c.o)
 .text.softdevice_assertion_handler
                0x00022b50        0xc ym/ble-nrf51822/source/ble-nrf51822.a(softdevice_handler.c.o)
                0x00022b50                softdevice_assertion_handler
 .text._ZL38sd_ble_gattc_primary_services_discoverttPK10ble_uuid_t
                0x00022b5c        0x4 ym/ble-nrf51822/source/ble-nrf51822.a(nRF5xServiceDiscovery.cpp.o)
 .text._ZL37sd_ble_gattc_characteristics_discovertPK24ble_gattc_handle_range_t
                0x00022b60        0x4 ym/ble-nrf51822/source/ble-nrf51822.a(nRF5xServiceDiscovery.cpp.o)
 .text._ZL36sd_ble_gattc_char_value_by_uuid_readtPK10ble_uuid_tPK24ble_gattc_handle_range_t
                0x00022b64        0x4 ym/ble-nrf51822/source/ble-nrf51822.a(nRF5xServiceDiscovery.cpp.o)
 .text._ZN21nRF5xServiceDiscovery32terminateCharacteristicDiscoveryEv
                0x00022b68       0x18 ym/ble-nrf51822/source/ble-nrf51822.a(nRF5xServiceDiscovery.cpp.o)
                0x00022b68                nRF5xServiceDiscovery::terminateCharacteristicDiscovery()
 .text._ZN21nRF5xServiceDiscovery25ServiceUUIDDiscoveryQueue7dequeueEv
                0x00022b80       0x24 ym/ble-nrf51822/source/ble-nrf51822.a(nRF5xServiceDiscovery.cpp.o)
                0x00022b80                nRF5xServiceDiscovery::ServiceUUIDDiscoveryQueue::dequeue()
 .text._ZN21nRF5xServiceDiscovery22CharUUIDDiscoveryQueue7dequeueEv
                0x00022ba4       0x24 ym/ble-nrf51822/source/ble-nrf51822.a(nRF5xServiceDiscovery.cpp.o)
                0x00022ba4                nRF5xServiceDiscovery::CharUUIDDiscoveryQueue::dequeue()
 .text._ZN21nRF5xServiceDiscovery31progressCharacteristicDiscoveryEv
                0x00022bc8       0xc2 ym/ble-nrf51822/source/ble-nrf51822.a(nRF5xServiceDiscovery.cpp.o)
                0x00022bc8                nRF5xServiceDiscovery::progressCharacteristicDiscovery()
 .text._ZN21nRF5xServiceDiscovery23setupDiscoveredServicesEPK34ble_gattc_evt_prim_srvc_disc_rsp_t
                0x00022c8a       0xac ym/ble-nrf51822/source/ble-nrf51822.a(nRF5xServiceDiscovery.cpp.o)
                0x00022c8a                nRF5xServiceDiscovery::setupDiscoveredServices(ble_gattc_evt_prim_srvc_disc_rsp_t const*)
 .text._ZN21nRF5xServiceDiscovery30setupDiscoveredCharacteristicsEPK29ble_gattc_evt_char_disc_rsp_t
                0x00022d36       0xbe ym/ble-nrf51822/source/ble-nrf51822.a(nRF5xServiceDiscovery.cpp.o)
                0x00022d36                nRF5xServiceDiscovery::setupDiscoveredCharacteristics(ble_gattc_evt_char_disc_rsp_t const*)
 .text.sd_flash_write
                0x00022df4        0x4 ym/ble-nrf51822/source/ble-nrf51822.a(pstorage.c.o)
 .text.sd_flash_page_erase
                0x00022df8        0x4 ym/ble-nrf51822/source/ble-nrf51822.a(pstorage.c.o)
 .text._ZL31sd_ble_gatts_characteristic_addtPK19ble_gatts_char_md_tPK16ble_gatts_attr_tP24ble_gatts_char_handles_t
                0x00022dfc        0x4 ym/ble-nrf51822/source/ble-nrf51822.a(custom_helper.cpp.o)
 .text._ZL27sd_ble_gatts_descriptor_addtPK16ble_gatts_attr_tPt
                0x00022e00        0x4 ym/ble-nrf51822/source/ble-nrf51822.a(custom_helper.cpp.o)
 .text._ZL18sd_ble_uuid_vs_addPK13ble_uuid128_tPh
                0x00022e04        0x4 ym/ble-nrf51822/source/ble-nrf51822.a(custom_helper.cpp.o)
 .text.custom_add_uuid_base
                0x00022e08       0x30 ym/ble-nrf51822/source/ble-nrf51822.a(custom_helper.cpp.o)
                0x00022e08                custom_add_uuid_base
 .text.custom_add_in_characteristic
                0x00022e38      0x15e ym/ble-nrf51822/source/ble-nrf51822.a(custom_helper.cpp.o)
                0x00022e38                custom_add_in_characteristic
 .text.custom_add_in_descriptor
                0x00022f96       0x58 ym/ble-nrf51822/source/ble-nrf51822.a(custom_helper.cpp.o)
                0x00022f96                custom_add_in_descriptor
 .text._ZN29nRF5xDiscoveredCharacteristic5setupEP15nRF5xGattClientt21ble_gatt_char_props_ttt
                0x00022fee       0x6c ym/ble-nrf51822/source/ble-nrf51822.a(nRF5xDiscoveredCharacteristic.cpp.o)
                0x00022fee                nRF5xDiscoveredCharacteristic::setup(nRF5xGattClient*, unsigned short, ble_gatt_char_props_t, unsigned short, unsigned short)
 .text._ZN29nRF5xDiscoveredCharacteristic5setupEP15nRF5xGattClienttt21ble_gatt_char_props_ttt
                0x0002305a       0xa0 ym/ble-nrf51822/source/ble-nrf51822.a(nRF5xDiscoveredCharacteristic.cpp.o)
                0x0002305a                nRF5xDiscoveredCharacteristic::setup(nRF5xGattClient*, unsigned short, unsigned short, ble_gatt_char_props_t, unsigned short, unsigned short)
 .text.sd_nvic_EnableIRQ
                0x000230fa        0x4 ym/ble-nrf51822/source/ble-nrf51822.a(ble_radio_notification.c.o)
 .text.sd_nvic_ClearPendingIRQ
                0x000230fe        0x4 ym/ble-nrf51822/source/ble-nrf51822.a(ble_radio_notification.c.o)
 .text.sd_nvic_SetPriority
                0x00023102        0x4 ym/ble-nrf51822/source/ble-nrf51822.a(ble_radio_notification.c.o)
 .text.sd_radio_notification_cfg_set
                0x00023106        0x4 ym/ble-nrf51822/source/ble-nrf51822.a(ble_radio_notification.c.o)
 .text.gpio_init_out_ex
                0x0002310a       0x30 ym/mbed-drivers/source/mbed-drivers.a(gpio.c.o)
                0x0002310a                gpio_init_out_ex
 .text.gpio_init_out
                0x0002313a        0xa ym/mbed-drivers/source/mbed-drivers.a(gpio.c.o)
                0x0002313a                gpio_init_out
 .text.pinmap_find_peripheral
                0x00023144       0x18 ym/mbed-drivers/source/mbed-drivers.a(pinmap_common.c.o)
                0x00023144                pinmap_find_peripheral
 .text.exit     0x0002315c        0xc ym/mbed-drivers/source/mbed-drivers.a(exit.c.o)
                0x0002315c                exit
 .text.error    0x00023168        0xa ym/mbed-drivers/source/mbed-drivers.a(error.c.o)
                0x00023168                error
 .text.mbed_die
                0x00023172       0x66 ym/mbed-drivers/source/mbed-drivers.a(board.c.o)
                0x00023172                mbed_die
 .text._ZN4mbed4util16FunctionPointer2IviPPcE11constructorEPvSt9__va_list
                0x000231d8       0x10 ym/mbed-drivers/source/mbed-drivers.a(retarget.cpp.o)
                0x000231d8                mbed::util::FunctionPointer2<void, int, char**>::constructor(void*, std::__va_list)
 .text._ZN4mbed4util16FunctionPointer2IviPPcE16copy_constructorEPvS5_
                0x000231e8        0xe ym/mbed-drivers/source/mbed-drivers.a(retarget.cpp.o)
                0x000231e8                mbed::util::FunctionPointer2<void, int, char**>::copy_constructor(void*, void*)
 .text._ZN4mbed4util16FunctionPointer2IviPPcE10destructorEPv
                0x000231f6        0x2 ym/mbed-drivers/source/mbed-drivers.a(retarget.cpp.o)
                0x000231f6                mbed::util::FunctionPointer2<void, int, char**>::destructor(void*)
 .text._ZN4mbed4util16FunctionPointer2IviPPcE12staticcallerEPvPjS5_
                0x000231f8        0xa ym/mbed-drivers/source/mbed-drivers.a(retarget.cpp.o)
                0x000231f8                mbed::util::FunctionPointer2<void, int, char**>::staticcaller(void*, unsigned int*, void*)
 .text._ZN4mbed4util16FunctionPointer2IviPPcED2Ev
                0x00023202        0x2 ym/mbed-drivers/source/mbed-drivers.a(retarget.cpp.o)
                0x00023202                mbed::util::FunctionPointer2<void, int, char**>::~FunctionPointer2()
                0x00023202                mbed::util::FunctionPointer2<void, int, char**>::~FunctionPointer2()
 .text._ZN4mbed4util16FunctionPointer2IviPPcED0Ev
                0x00023204        0xc ym/mbed-drivers/source/mbed-drivers.a(retarget.cpp.o)
                0x00023204                mbed::util::FunctionPointer2<void, int, char**>::~FunctionPointer2()
 .text.__cxa_pure_virtual
                0x00023210        0x8 ym/mbed-drivers/source/mbed-drivers.a(retarget.cpp.o)
                0x00023210                __cxa_pure_virtual
 .text.__wrap_main
                0x00023218        0xc ym/mbed-drivers/source/mbed-drivers.a(retarget.cpp.o)
                0x00023218                __wrap_main
 .text._exit    0x00023224        0x4 ym/mbed-drivers/source/mbed-drivers.a(retarget.cpp.o)
                0x00023224                _exit
 .text._kill    0x00023228       0x10 ym/mbed-drivers/source/mbed-drivers.a(retarget.cpp.o)
                0x00023228                _kill
 .text._getpid  0x00023238        0x4 ym/mbed-drivers/source/mbed-drivers.a(retarget.cpp.o)
                0x00023238                _getpid
 .text.wait_us  0x0002323c       0x16 ym/mbed-drivers/source/mbed-drivers.a(wait_api.c.o)
                0x0002323c                wait_us
 .text.wait_ms  0x00023252        0xe ym/mbed-drivers/source/mbed-drivers.a(wait_api.c.o)
                0x00023252                wait_ms
 .text._ZL29sd_nvic_critical_region_enterPh
                0x00023260        0x4 ym/minar/source/minar.a(minar.cpp.o)
 .text._ZL28sd_nvic_critical_region_exith
                0x00023264        0x4 ym/minar/source/minar.a(minar.cpp.o)
 .text._ZN5minarL21smallestTimeIncrementEmmm
                0x00023268       0x26 ym/minar/source/minar.a(minar.cpp.o)
 .text._ZN4mbed4util19CriticalSectionLockD2Ev
                0x0002328e        0xe ym/minar/source/minar.a(minar.cpp.o)
                0x0002328e                mbed::util::CriticalSectionLock::~CriticalSectionLock()
                0x0002328e                mbed::util::CriticalSectionLock::~CriticalSectionLock()
 .text._ZN5minar9Scheduler13CallbackAdder6periodEm
                0x0002329c        0x4 ym/minar/source/minar.a(minar.cpp.o)
                0x0002329c                minar::Scheduler::CallbackAdder::period(unsigned long)
 .text._ZNK5minar13SchedulerData19CallbackNodeCompareclERKPNS_12CallbackNodeES5_
                0x000232a0       0x1a ym/minar/source/minar.a(minar.cpp.o)
                0x000232a0                minar::SchedulerData::CallbackNodeCompare::operator()(minar::CallbackNode* const&, minar::CallbackNode* const&) const
 .text._ZN5minar12millisecondsEm
                0x000232ba       0x12 ym/minar/source/minar.a(minar.cpp.o)
                0x000232ba                minar::milliseconds(unsigned long)
 .text._ZNK4mbed4util5ArrayIPN5minar12CallbackNodeEE19get_element_addressEj
                0x000232cc       0x1a ym/minar/source/minar.a(minar.cpp.o)
                0x000232cc                mbed::util::Array<minar::CallbackNode*>::get_element_address(unsigned int) const
 .text._ZN4mbed4util10BinaryHeapIPN5minar12CallbackNodeENS2_13SchedulerData19CallbackNodeCompareEE5_swapEjj
                0x000232e6       0x34 ym/minar/source/minar.a(minar.cpp.o)
                0x000232e6                mbed::util::BinaryHeap<minar::CallbackNode*, minar::SchedulerData::CallbackNodeCompare>::_swap(unsigned int, unsigned int)
 .text._ZN4mbed4util5ArrayIPN5minar12CallbackNodeEE8pop_backEv
                0x0002331a       0x28 ym/minar/source/minar.a(minar.cpp.o)
                0x0002331a                mbed::util::Array<minar::CallbackNode*>::pop_back()
 .text._ZN4mbed4util10BinaryHeapIPN5minar12CallbackNodeENS2_13SchedulerData19CallbackNodeCompareEE15_propagate_downEj
                0x00023342       0xac ym/minar/source/minar.a(minar.cpp.o)
                0x00023342                mbed::util::BinaryHeap<minar::CallbackNode*, minar::SchedulerData::CallbackNodeCompare>::_propagate_down(unsigned int)
 .text._ZNK4mbed4util5ArrayIPN5minar12CallbackNodeEE16create_new_arrayEjjPNS5_10array_linkE
                0x000233ee       0x28 ym/minar/source/minar.a(minar.cpp.o)
                0x000233ee                mbed::util::Array<minar::CallbackNode*>::create_new_array(unsigned int, unsigned int, mbed::util::Array<minar::CallbackNode*>::array_link*) const
 .text._ZN5minar9SchedulerC2Ev
                0x00023416       0x16 ym/minar/source/minar.a(minar.cpp.o)
                0x00023416                minar::Scheduler::Scheduler()
                0x00023416                minar::Scheduler::Scheduler()
 .text._ZN4mbed4util10BinaryHeapIPN5minar12CallbackNodeENS2_13SchedulerData19CallbackNodeCompareEE6insertERKS4_
                0x0002342c       0xce ym/minar/source/minar.a(minar.cpp.o)
                0x0002342c                mbed::util::BinaryHeap<minar::CallbackNode*, minar::SchedulerData::CallbackNodeCompare>::insert(minar::CallbackNode* const&)
 .text._ZN5minar9Scheduler13CallbackAdder9getHandleEv
                0x000234fa       0x52 ym/minar/source/minar.a(minar.cpp.o)
                0x000234fa                minar::Scheduler::CallbackAdder::getHandle()
 .text._ZN5minar9Scheduler13CallbackAdderD2Ev
                0x0002354c       0x12 ym/minar/source/minar.a(minar.cpp.o)
                0x0002354c                minar::Scheduler::CallbackAdder::~CallbackAdder()
                0x0002354c                minar::Scheduler::CallbackAdder::~CallbackAdder()
 .text._ZL29sd_nvic_critical_region_enterPh
                0x0002355e        0x4 ym/core-util/source/core-util.a(ExtendablePoolAllocator.cpp.o)
 .text._ZL28sd_nvic_critical_region_exith
                0x00023562        0x4 ym/core-util/source/core-util.a(ExtendablePoolAllocator.cpp.o)
 .text._ZN4mbed4util23ExtendablePoolAllocatorC2Ev
                0x00023566        0x6 ym/core-util/source/core-util.a(ExtendablePoolAllocator.cpp.o)
                0x00023566                mbed::util::ExtendablePoolAllocator::ExtendablePoolAllocator()
                0x00023566                mbed::util::ExtendablePoolAllocator::ExtendablePoolAllocator()
 .text._ZN4mbed4util23ExtendablePoolAllocator4freeEPv
                0x0002356c       0x28 ym/core-util/source/core-util.a(ExtendablePoolAllocator.cpp.o)
                0x0002356c                mbed::util::ExtendablePoolAllocator::free(void*)
 .text._ZNK4mbed4util23ExtendablePoolAllocator15create_new_poolEjPNS1_9pool_linkE
                0x00023594       0x38 ym/core-util/source/core-util.a(ExtendablePoolAllocator.cpp.o)
                0x00023594                mbed::util::ExtendablePoolAllocator::create_new_pool(unsigned int, mbed::util::ExtendablePoolAllocator::pool_link*) const
 .text._ZN4mbed4util23ExtendablePoolAllocator4initEjjj12UAllocTraitsj
                0x000235cc       0x3a ym/core-util/source/core-util.a(ExtendablePoolAllocator.cpp.o)
                0x000235cc                mbed::util::ExtendablePoolAllocator::init(unsigned int, unsigned int, unsigned int, UAllocTraits, unsigned int)
 .text._ZN4mbed4util23ExtendablePoolAllocator5allocEv
                0x00023606       0x6e ym/core-util/source/core-util.a(ExtendablePoolAllocator.cpp.o)
                0x00023606                mbed::util::ExtendablePoolAllocator::alloc()
 .text._ZL29sd_nvic_critical_region_enterPh
                0x00023674        0x4 ym/core-util/source/core-util.a(PoolAllocator.cpp.o)
 .text._ZL28sd_nvic_critical_region_exith
                0x00023678        0x4 ym/core-util/source/core-util.a(PoolAllocator.cpp.o)
 .text._ZN4mbed4util13PoolAllocator5allocEv
                0x0002367c       0x3e ym/core-util/source/core-util.a(PoolAllocator.cpp.o)
                0x0002367c                mbed::util::PoolAllocator::alloc()
 .text._ZNK4mbed4util13PoolAllocator4ownsEPv
                0x000236ba       0x14 ym/core-util/source/core-util.a(PoolAllocator.cpp.o)
                0x000236ba                mbed::util::PoolAllocator::owns(void*) const
 .text._ZN4mbed4util13PoolAllocator4freeEPv
                0x000236ce       0x42 ym/core-util/source/core-util.a(PoolAllocator.cpp.o)
                0x000236ce                mbed::util::PoolAllocator::free(void*)
 .text._ZN4mbed4util13PoolAllocator13get_pool_sizeEjjj
                0x00023710        0xc ym/core-util/source/core-util.a(PoolAllocator.cpp.o)
                0x00023710                mbed::util::PoolAllocator::get_pool_size(unsigned int, unsigned int, unsigned int)
 .text._ZN4mbed4util13PoolAllocator8align_upEmm
                0x0002371c        0xa ym/core-util/source/core-util.a(PoolAllocator.cpp.o)
                0x0002371c                mbed::util::PoolAllocator::align_up(unsigned long, unsigned long)
 .text._ZN4mbed4util13PoolAllocator5_initEv
                0x00023726       0x1e ym/core-util/source/core-util.a(PoolAllocator.cpp.o)
                0x00023726                mbed::util::PoolAllocator::_init()
 .text._ZN4mbed4util13PoolAllocatorC2EPvjjj
                0x00023744       0x22 ym/core-util/source/core-util.a(PoolAllocator.cpp.o)